 main

 Timestamp is 3ecf44bd (Sat May 24 04:09:01 2003)

 Preferred load address is 00400000

 Start         Length     Name                   Class
 0001:00000000 0002bfeaH .text                   CODE
 0001:0002bff0 00000863H .text$x                 CODE
 0001:0002c860 00000394H .text$yc                CODE
 0001:0002cc00 00000221H .text$yd                CODE
 0002:00000000 000001e8H .idata$5                DATA
 0002:000001e8 00000004H .CRT$XCA                DATA
 0002:000001ec 0000000cH .CRT$XCC                DATA
 0002:000001f8 0000001cH .CRT$XCL                DATA
 0002:00000214 00000080H .CRT$XCU                DATA
 0002:00000294 00000004H .CRT$XCZ                DATA
 0002:00000298 00000004H .CRT$XIA                DATA
 0002:0000029c 00000010H .CRT$XIC                DATA
 0002:000002ac 00000004H .CRT$XIY                DATA
 0002:000002b0 00000004H .CRT$XIZ                DATA
 0002:000002b4 00000004H .CRT$XPA                DATA
 0002:000002b8 00000008H .CRT$XPX                DATA
 0002:000002c0 00000004H .CRT$XPXA               DATA
 0002:000002c4 00000004H .CRT$XPZ                DATA
 0002:000002c8 00000004H .CRT$XTA                DATA
 0002:000002cc 00000004H .CRT$XTZ                DATA
 0002:000002d0 0000b160H .rdata                  DATA
 0002:0000b430 00000051H .rdata$debug            DATA
 0002:0000b484 00000470H .rdata$r                DATA
 0002:0000b900 000000a8H .rdata$sxdata           DATA
 0002:0000b9a8 00000004H .rtc$IAA                DATA
 0002:0000b9ac 00000004H .rtc$IZZ                DATA
 0002:0000b9b0 00000004H .rtc$TAA                DATA
 0002:0000b9b4 00000004H .rtc$TZZ                DATA
 0002:0000b9b8 000010ccH .xdata$x                DATA
 0002:0000ca84 00000050H .idata$2                DATA
 0002:0000cad4 00000014H .idata$3                DATA
 0002:0000cae8 000001e8H .idata$4                DATA
 0002:0000ccd0 000008d0H .idata$6                DATA
 0002:0000d5a0 00000000H .edata                  DATA
 0003:00000000 000013c0H .data                   DATA
 0003:000013c0 000021dcH .bss                    DATA

  Address         Publics by Value              Rva+Base       Lib:Object

 0000:00000000       __except_list              00000000     <absolute>
 0000:0000002a       ___safe_se_handler_count   0000002a     <absolute>
 0000:00000000       ___ImageBase               00400000     <linker-defined>
 0001:00000020       ?loading@@YA_NXZ           00401020 f   main.obj
 0001:000008b0       ?menu_input@@YAXTSDL_Event@@@Z 004018b0 f   main.obj
 0001:000009e0       ?menu_draw@@YAXXZ          004019e0 f   main.obj
 0001:00000a00       ?menu_debug@@YAXXZ         00401a00 f   main.obj
 0001:00000a10       ?level_1_input@@YAXTSDL_Event@@@Z 00401a10 f   main.obj
 0001:00000a90       ?level_1_draw@@YAXXZ       00401a90 f   main.obj
 0001:00000ab0       ?level_1_debug@@YAXXZ      00401ab0 f   main.obj
 0001:00000ac0       ?level_2_input@@YAXTSDL_Event@@@Z 00401ac0 f   main.obj
 0001:00001250       ?level_2_draw@@YAXXZ       00402250 f   main.obj
 0001:000013f0       ?level_2_debug@@YAXXZ      004023f0 f   main.obj
 0001:00001400       ?loadMedia@@YA_NXZ         00402400 f   main.obj
 0001:00001420       ?animation@@YAXQAVLTexture@@HHHHH@Z 00402420 f   main.obj
 0001:000014c0       ?Cursor@@YAXXZ             004024c0 f   main.obj
 0001:00001560       _main                      00402560 f   main.obj
 0001:00001980       ?Close@@YAXXZ              00402980 f   main.obj
 0001:00001a90       ??_D?$basic_ofstream@DU?$char_traits@D@std@@@std@@QAEXXZ 00402a90 f i main.obj
 0001:00001ac0       ??0?$basic_string@DU?$char_traits@D@std@@V?$allocator@D@2@@std@@QAE@PBD@Z 00402ac0 f i main.obj
 0001:00001b40       ??1?$basic_ios@DU?$char_traits@D@std@@@std@@UAE@XZ 00402b40 f i main.obj
 0001:00001b60       ??1ios_base@std@@UAE@XZ    00402b60 f i main.obj
 0001:00001b80       ??_Gios_base@std@@UAEPAXI@Z 00402b80 f i main.obj
 0001:00001b80       ??_Eios_base@std@@UAEPAXI@Z 00402b80 f i main.obj
 0001:00001bb0       ??0?$basic_ofstream@DU?$char_traits@D@std@@@std@@QAE@XZ 00402bb0 f i main.obj
 0001:00001c60       ??1?$basic_ostream@DU?$char_traits@D@std@@@std@@UAE@XZ 00402c60 f i main.obj
 0001:00001c80       ??1?$basic_ofstream@DU?$char_traits@D@std@@@std@@UAE@XZ 00402c80 f i main.obj
 0001:00001cf0       ??1?$basic_filebuf@DU?$char_traits@D@std@@@std@@UAE@XZ 00402cf0 f i main.obj
 0001:00001d70       ??1?$basic_streambuf@DU?$char_traits@D@std@@@std@@UAE@XZ 00402d70 f i main.obj
 0001:00001de0       ?_Lock@?$basic_streambuf@DU?$char_traits@D@std@@@std@@UAEXXZ 00402de0 f i main.obj
 0001:00001e00       ?_Unlock@?$basic_streambuf@DU?$char_traits@D@std@@@std@@UAEXXZ 00402e00 f i main.obj
 0001:00001e20       ?eof@?$char_traits@D@std@@SAHXZ 00402e20 f i main.obj
 0001:00001e30       ?pbackfail@?$basic_streambuf@DU?$char_traits@D@std@@@std@@MAEHH@Z 00402e30 f i main.obj
 0001:00001e30       ?overflow@?$basic_streambuf@DU?$char_traits@D@std@@@std@@MAEHH@Z 00402e30 f i main.obj
 0001:00001e50       ?showmanyc@?$basic_streambuf@DU?$char_traits@D@std@@@std@@MAE_JXZ 00402e50 f i main.obj
 0001:00001e60       ?underflow@?$basic_streambuf@DU?$char_traits@D@std@@@std@@MAEHXZ 00402e60 f i main.obj
 0001:00001e70       ?uflow@?$basic_streambuf@DU?$char_traits@D@std@@@std@@MAEHXZ 00402e70 f i main.obj
 0001:00001ed0       ?to_int_type@?$char_traits@D@std@@SAHABD@Z 00402ed0 f i main.obj
 0001:00001ee0       ?eq_int_type@?$char_traits@D@std@@SA_NABH0@Z 00402ee0 f i main.obj
 0001:00001f00       ?xsgetn@?$basic_streambuf@DU?$char_traits@D@std@@@std@@MAE_JPAD_J@Z 00402f00 f i main.obj
 0001:00002040       ?copy@?$char_traits@D@std@@SAPADPADPBDI@Z 00403040 f i main.obj
 0001:00002060       ?to_char_type@?$char_traits@D@std@@SADABH@Z 00403060 f i main.obj
 0001:00002070       ?xsputn@?$basic_streambuf@DU?$char_traits@D@std@@@std@@MAE_JPBD_J@Z 00403070 f i main.obj
 0001:000021b0       ?seekoff@?$basic_streambuf@DU?$char_traits@D@std@@@std@@MAE?AV?$fpos@H@2@_JHH@Z 004031b0 f i main.obj
 0001:000021e0       ?seekpos@?$basic_streambuf@DU?$char_traits@D@std@@@std@@MAE?AV?$fpos@H@2@V32@H@Z 004031e0 f i main.obj
 0001:00002210       ?setbuf@?$basic_streambuf@DU?$char_traits@D@std@@@std@@MAEPAV12@PAD_J@Z 00403210 f i main.obj
 0001:00002220       ?sync@?$basic_streambuf@DU?$char_traits@D@std@@@std@@MAEHXZ 00403220 f i main.obj
 0001:00002230       ?_Init@?$codecvt@DDH@std@@IAEXABV_Locinfo@2@@Z 00403230 f i main.obj
 0001:00002230       ?imbue@?$basic_streambuf@DU?$char_traits@D@std@@@std@@MAEXABVlocale@2@@Z 00403230 f i main.obj
 0001:00002240       ?_Lock@?$basic_filebuf@DU?$char_traits@D@std@@@std@@UAEXXZ 00403240 f i main.obj
 0001:00002270       ?_Unlock@?$basic_filebuf@DU?$char_traits@D@std@@@std@@UAEXXZ 00403270 f i main.obj
 0001:000022a0       ?overflow@?$basic_filebuf@DU?$char_traits@D@std@@@std@@MAEHH@Z 004032a0 f i main.obj
 0001:00002720       ?not_eof@?$char_traits@D@std@@SAHABH@Z 00403720 f i main.obj
 0001:00002750       ??$_Fputc@D@std@@YA_NDPAU_iobuf@@@Z 00403750 f i main.obj
 0001:00002770       ??1?$basic_string@DU?$char_traits@D@std@@V?$allocator@D@2@@std@@QAE@XZ 00403770 f i main.obj
 0001:000027d0       ?size@?$basic_string@DU?$char_traits@D@std@@V?$allocator@D@2@@std@@QBEIXZ 004037d0 f i main.obj
 0001:000027f0       ?pbackfail@?$basic_filebuf@DU?$char_traits@D@std@@@std@@MAEHH@Z 004037f0 f i main.obj
 0001:00002940       ??$_Ungetc@D@std@@YA_NABDPAU_iobuf@@@Z 00403940 f i main.obj
 0001:00002970       ?underflow@?$basic_filebuf@DU?$char_traits@D@std@@@std@@MAEHXZ 00403970 f i main.obj
 0001:00002a00       ?uflow@?$basic_filebuf@DU?$char_traits@D@std@@@std@@MAEHXZ 00403a00 f i main.obj
 0001:00002e10       ??$_Fgetc@D@std@@YA_NAADPAU_iobuf@@@Z 00403e10 f i main.obj
 0001:00002e40       ??0?$basic_string@DU?$char_traits@D@std@@V?$allocator@D@2@@std@@QAE@XZ 00403e40 f i main.obj
 0001:00002eb0       ?seekoff@?$basic_filebuf@DU?$char_traits@D@std@@@std@@MAE?AV?$fpos@H@2@_JHH@Z 00403eb0 f i main.obj
 0001:00002f90       ?seekpos@?$basic_filebuf@DU?$char_traits@D@std@@@std@@MAE?AV?$fpos@H@2@V32@H@Z 00403f90 f i main.obj
 0001:00003080       ?setbuf@?$basic_filebuf@DU?$char_traits@D@std@@@std@@MAEPAV?$basic_streambuf@DU?$char_traits@D@std@@@2@PAD_J@Z 00404080 f i main.obj
 0001:000030f0       ?sync@?$basic_filebuf@DU?$char_traits@D@std@@@std@@MAEHXZ 004040f0 f i main.obj
 0001:00003170       ?imbue@?$basic_filebuf@DU?$char_traits@D@std@@@std@@MAEXABVlocale@2@@Z 00404170 f i main.obj
 0001:000031a0       ??1?$_String_iterator@DU?$char_traits@D@std@@V?$allocator@D@2@@std@@QAE@XZ 004041a0 f i main.obj
 0001:000031c0       ??1?$_String_const_iterator@DU?$char_traits@D@std@@V?$allocator@D@2@@std@@QAE@XZ 004041c0 f i main.obj
 0001:000031e0       ??_E?$basic_ostream@DU?$char_traits@D@std@@@std@@UAEPAXI@Z 004041e0 f i main.obj
 0001:000031e0       ??_G?$basic_ostream@DU?$char_traits@D@std@@@std@@UAEPAXI@Z 004041e0 f i main.obj
 0001:00003220       ??_E?$basic_ios@DU?$char_traits@D@std@@@std@@UAEPAXI@Z 00404220 f i main.obj
 0001:00003220       ??_G?$basic_ios@DU?$char_traits@D@std@@@std@@UAEPAXI@Z 00404220 f i main.obj
 0001:00003250       ??_G?$basic_streambuf@DU?$char_traits@D@std@@@std@@UAEPAXI@Z 00404250 f i main.obj
 0001:00003250       ??_E?$basic_streambuf@DU?$char_traits@D@std@@@std@@UAEPAXI@Z 00404250 f i main.obj
 0001:00003280       ??_E?$basic_ofstream@DU?$char_traits@D@std@@@std@@UAEPAXI@Z 00404280 f i main.obj
 0001:00003280       ??_G?$basic_ofstream@DU?$char_traits@D@std@@@std@@UAEPAXI@Z 00404280 f i main.obj
 0001:000032c0       ??_E?$basic_filebuf@DU?$char_traits@D@std@@@std@@UAEPAXI@Z 004042c0 f i main.obj
 0001:000032c0       ??_G?$basic_filebuf@DU?$char_traits@D@std@@@std@@UAEPAXI@Z 004042c0 f i main.obj
 0001:000032f0       ??1?$_Iterator012@Urandom_access_iterator_tag@std@@DHPBDABDU_Iterator_base12@2@@std@@QAE@XZ 004042f0 f i main.obj
 0001:00003310       ??1_Iterator_base12@std@@QAE@XZ 00404310 f i main.obj
 0001:00003370       ?_Orphan_me@_Iterator_base12@std@@QAEXXZ 00404370 f i main.obj
 0001:000033f0       ??_D?$basic_ostream@DU?$char_traits@D@std@@@std@@QAEXXZ 004043f0 f i main.obj
 0001:00003420       ??0?$basic_string@DU?$char_traits@D@std@@V?$allocator@D@2@@std@@QAE@ID@Z 00404420 f i main.obj
 0001:000034a0       ?append@?$basic_string@DU?$char_traits@D@std@@V?$allocator@D@2@@std@@QAEAAV12@ID@Z 004044a0 f i main.obj
 0001:00003520       ?assign@?$basic_string@DU?$char_traits@D@std@@V?$allocator@D@2@@std@@QAEAAV12@PBD@Z 00404520 f i main.obj
 0001:00003560       ?length@?$char_traits@D@std@@SAIPBD@Z 00404560 f i main.obj
 0001:000035a0       ?erase@?$basic_string@DU?$char_traits@D@std@@V?$allocator@D@2@@std@@QAEAAV12@II@Z 004045a0 f i main.obj
 0001:00003630       ?move@?$char_traits@D@std@@SAPADPADPBDI@Z 00404630 f i main.obj
 0001:00003650       ?begin@?$basic_string@DU?$char_traits@D@std@@V?$allocator@D@2@@std@@QAE?AV?$_String_iterator@DU?$char_traits@D@std@@V?$allocator@D@2@@2@XZ 00404650 f i main.obj
 0001:00003690       ?_Tidy@?$basic_string@DU?$char_traits@D@std@@V?$allocator@D@2@@std@@QAEX_NI@Z 00404690 f i main.obj
 0001:00003710       ??0?$_String_val@DV?$allocator@D@std@@@std@@QAE@V?$allocator@D@1@@Z 00404710 f i main.obj
 0001:000037c0       ??0_Iterator_base12@std@@QAE@XZ 004047c0 f i main.obj
 0001:000037c0       ??0_Container_proxy@std@@QAE@XZ 004047c0 f i main.obj
 0001:000037f0       ??0_Container_base12@std@@QAE@XZ 004047f0 f i main.obj
 0001:00003810       ??1_Container_base12@std@@QAE@XZ 00404810 f i main.obj
 0001:00003830       ?_Orphan_all@_Container_base12@std@@QAEXXZ 00404830 f i main.obj
 0001:000038a0       ??1?$_String_val@DV?$allocator@D@std@@@std@@QAE@XZ 004048a0 f i main.obj
 0001:00003930       ??0?$allocator@D@std@@QAE@XZ 00404930 f i main.obj
 0001:00003940       ??0?$basic_ostream@DU?$char_traits@D@std@@@std@@QAE@PAV?$basic_streambuf@DU?$char_traits@D@std@@@1@_N@Z 00404940 f i main.obj
 0001:000039e0       ??0?$basic_ios@DU?$char_traits@D@std@@@std@@IAE@XZ 004049e0 f i main.obj
 0001:00003a00       ??0ios_base@std@@IAE@XZ    00404a00 f i main.obj
 0001:00003a20       ?eback@?$basic_streambuf@DU?$char_traits@D@std@@@std@@IBEPADXZ 00404a20 f i main.obj
 0001:00003a40       ?gptr@?$basic_streambuf@DU?$char_traits@D@std@@@std@@IBEPADXZ 00404a40 f i main.obj
 0001:00003a60       ?pptr@?$basic_streambuf@DU?$char_traits@D@std@@@std@@IBEPADXZ 00404a60 f i main.obj
 0001:00003a80       ?egptr@?$basic_streambuf@DU?$char_traits@D@std@@@std@@IBEPADXZ 00404a80 f i main.obj
 0001:00003aa0       ?gbump@?$basic_streambuf@DU?$char_traits@D@std@@@std@@IAEXH@Z 00404aa0 f i main.obj
 0001:00003ae0       ?epptr@?$basic_streambuf@DU?$char_traits@D@std@@@std@@IBEPADXZ 00404ae0 f i main.obj
 0001:00003b00       ?_Gndec@?$basic_streambuf@DU?$char_traits@D@std@@@std@@IAEPADXZ 00404b00 f i main.obj
 0001:00003b40       ?_Gninc@?$basic_streambuf@DU?$char_traits@D@std@@@std@@IAEPADXZ 00404b40 f i main.obj
 0001:00003b90       ?_Gnavail@?$basic_streambuf@DU?$char_traits@D@std@@@std@@IBE_JXZ 00404b90 f i main.obj
 0001:00003bc0       ?pbump@?$basic_streambuf@DU?$char_traits@D@std@@@std@@IAEXH@Z 00404bc0 f i main.obj
 0001:00003c00       ?_Pninc@?$basic_streambuf@DU?$char_traits@D@std@@@std@@IAEPADXZ 00404c00 f i main.obj
 0001:00003c50       ?_Pnavail@?$basic_streambuf@DU?$char_traits@D@std@@@std@@IBE_JXZ 00404c50 f i main.obj
 0001:00003c80       ??0?$basic_filebuf@DU?$char_traits@D@std@@@std@@QAE@PAU_iobuf@@@Z 00404c80 f i main.obj
 0001:00003cf0       ?close@?$basic_filebuf@DU?$char_traits@D@std@@@std@@QAEPAV12@XZ 00404cf0 f i main.obj
 0001:00003d60       ?_Init@?$basic_filebuf@DU?$char_traits@D@std@@@std@@IAEXPAU_iobuf@@W4_Initfl@12@@Z 00404d60 f i main.obj
 0001:00003e00       ?_Endwrite@?$basic_filebuf@DU?$char_traits@D@std@@@std@@IAE_NXZ 00404e00 f i main.obj
 0001:00004130       ?_Initcvt@?$basic_filebuf@DU?$char_traits@D@std@@@std@@IAEXPBV?$codecvt@DDH@2@@Z 00405130 f i main.obj
 0001:00004170       ?always_noconv@codecvt_base@std@@QBE_NXZ 00405170 f i main.obj
 0001:00004190       ?_Reset_back@?$basic_filebuf@DU?$char_traits@D@std@@@std@@AAEXXZ 00405190 f i main.obj
 0001:000041d0       ?_Set_back@?$basic_filebuf@DU?$char_traits@D@std@@@std@@AAEXXZ 004051d0 f i main.obj
 0001:00004230       ??D?$_String_iterator@DU?$char_traits@D@std@@V?$allocator@D@2@@std@@QBEAADXZ 00405230 f i main.obj
 0001:00004250       ??0?$fpos@H@std@@QAE@_J@Z  00405250 f i main.obj
 0001:00004290       ??0?$fpos@H@std@@QAE@H_J@Z 00405290 f i main.obj
 0001:000042d0       ?state@?$fpos@H@std@@QBEHXZ 004052d0 f i main.obj
 0001:000042f0       ?seekpos@?$fpos@H@std@@QBE_JXZ 004052f0 f i main.obj
 0001:00004310       ??B?$fpos@H@std@@QBE_JXZ   00405310 f i main.obj
 0001:00004330       ?in@?$codecvt@DDH@std@@QBEHAAHPBD1AAPBDPAD3AAPAD@Z 00405330 f i main.obj
 0001:00004370       ?out@?$codecvt@DDH@std@@QBEHAAHPBD1AAPBDPAD3AAPAD@Z 00405370 f i main.obj
 0001:000043b0       ?assign@?$basic_string@DU?$char_traits@D@std@@V?$allocator@D@2@@std@@QAEAAV12@PBDI@Z 004053b0 f i main.obj
 0001:00004450       ?assign@?$basic_string@DU?$char_traits@D@std@@V?$allocator@D@2@@std@@QAEAAV12@ID@Z 00405450 f i main.obj
 0001:000044b0       ?_Chassign@?$basic_string@DU?$char_traits@D@std@@V?$allocator@D@2@@std@@QAEXIID@Z 004054b0 f i main.obj
 0001:00004500       ?assign@?$char_traits@D@std@@SAPADPADID@Z 00405500 f i main.obj
 0001:00004520       ?assign@?$char_traits@D@std@@SAXAADABD@Z 00405520 f i main.obj
 0001:00004530       ?_Eos@?$basic_string@DU?$char_traits@D@std@@V?$allocator@D@2@@std@@QAEXI@Z 00405530 f i main.obj
 0001:00004570       ?_Grow@?$basic_string@DU?$char_traits@D@std@@V?$allocator@D@2@@std@@QAE_NI_N@Z 00405570 f i main.obj
 0001:00004610       ?_Myptr@?$basic_string@DU?$char_traits@D@std@@V?$allocator@D@2@@std@@QAEPADXZ 00405610 f i main.obj
 0001:00004610       ?_Myptr@?$basic_string@DU?$char_traits@D@std@@V?$allocator@D@2@@std@@QBEPBDXZ 00405610 f i main.obj
 0001:00004640       ?_Xlen@?$basic_string@DU?$char_traits@D@std@@V?$allocator@D@2@@std@@QBEXXZ 00405640 f i main.obj
 0001:00004660       ?_Xran@?$basic_string@DU?$char_traits@D@std@@V?$allocator@D@2@@std@@QBEXXZ 00405660 f i main.obj
 0001:00004680       ?deallocate@?$allocator@U_Container_proxy@std@@@std@@QAEXPAU_Container_proxy@2@I@Z 00405680 f i main.obj
 0001:00004680       ?deallocate@?$allocator@D@std@@QAEXPADI@Z 00405680 f i main.obj
 0001:000046a0       ?init@?$basic_ios@DU?$char_traits@D@std@@@std@@IAEXPAV?$basic_streambuf@DU?$char_traits@D@std@@@2@_N@Z 004056a0 f i main.obj
 0001:00004710       ?_Init@ios_base@std@@IAEXXZ 00405710 f i main.obj
 0001:000047d0       ??0locale@std@@QAE@XZ      004057d0 f i main.obj
 0001:00004800       ?_Incref@facet@locale@std@@QAEXXZ 00405800 f i main.obj
 0001:00004840       ?clear@ios_base@std@@QAEXH@Z 00405840 f i main.obj
 0001:00004860       ?clear@ios_base@std@@QAEXH_N@Z 00405860 f i main.obj
 0001:00004950       ??0runtime_error@std@@QAE@ABV01@@Z 00405950 f i main.obj
 0001:00004980       ??_Eruntime_error@std@@UAEPAXI@Z 00405980 f i main.obj
 0001:00004980       ??_Gruntime_error@std@@UAEPAXI@Z 00405980 f i main.obj
 0001:000049b0       ??1runtime_error@std@@UAE@XZ 004059b0 f i main.obj
 0001:000049d0       ?make_error_code@std@@YA?AVerror_code@1@W4io_errc@31@@Z 004059d0 f i main.obj
 0001:000049f0       ??0error_code@std@@QAE@HABVerror_category@1@@Z 004059f0 f i main.obj
 0001:00004a20       ??0failure@ios_base@std@@QAE@PBDABVerror_code@2@@Z 00405a20 f i main.obj
 0001:00004a50       ??0system_error@std@@QAE@Verror_code@1@PBD@Z 00405a50 f i main.obj
 0001:00004ad0       ??0runtime_error@std@@QAE@PBD@Z 00405ad0 f i main.obj
 0001:00004b00       ?_Makestr@system_error@std@@AAEXXZ 00405b00 f i main.obj
 0001:00004b10       ??_Gsystem_error@std@@UAEPAXI@Z 00405b10 f i main.obj
 0001:00004b10       ??_Esystem_error@std@@UAEPAXI@Z 00405b10 f i main.obj
 0001:00004b40       ??1system_error@std@@UAE@XZ 00405b40 f i main.obj
 0001:00004b60       ??_Gfailure@ios_base@std@@UAEPAXI@Z 00405b60 f i main.obj
 0001:00004b60       ??_Efailure@ios_base@std@@UAEPAXI@Z 00405b60 f i main.obj
 0001:00004b90       ??1failure@ios_base@std@@UAE@XZ 00405b90 f i main.obj
 0001:00004bb0       ??0failure@ios_base@std@@QAE@ABV012@@Z 00405bb0 f i main.obj
 0001:00004be0       ??0system_error@std@@QAE@ABV01@@Z 00405be0 f i main.obj
 0001:00004c20       ?setstate@?$basic_ios@DU?$char_traits@D@std@@@std@@QAEXH_N@Z 00405c20 f i main.obj
 0001:00004c50       ?rdstate@ios_base@std@@QBEHXZ 00405c50 f i main.obj
 0001:00004c70       ?clear@?$basic_ios@DU?$char_traits@D@std@@@std@@QAEXH_N@Z 00405c70 f i main.obj
 0001:00004cb0       ??0?$basic_streambuf@DU?$char_traits@D@std@@@std@@IAE@XZ 00405cb0 f i main.obj
 0001:00004d60       ?setg@?$basic_streambuf@DU?$char_traits@D@std@@@std@@IAEXPAD00@Z 00405d60 f i main.obj
 0001:00004da0       ?_Init@?$basic_streambuf@DU?$char_traits@D@std@@@std@@IAEXXZ 00405da0 f i main.obj
 0001:00004e10       ?_Init@?$basic_streambuf@DU?$char_traits@D@std@@@std@@IAEXPAPAD0PAH001@Z 00405e10 f i main.obj
 0001:00004e60       ??0?$_String_iterator@DU?$char_traits@D@std@@V?$allocator@D@2@@std@@QAE@PADPBU_Container_base12@1@@Z 00405e60 f i main.obj
 0001:00004e80       ??D?$_String_const_iterator@DU?$char_traits@D@std@@V?$allocator@D@2@@std@@QBEABDXZ 00405e80 f i main.obj
 0001:00004f50       ?_Getcont@_Iterator_base12@std@@QBEPBU_Container_base12@2@XZ 00405f50 f i main.obj
 0001:00004f80       ?unshift@?$codecvt@DDH@std@@QBEHAAHPAD1AAPAD@Z 00405f80 f i main.obj
 0001:00004fb0       ?allocate@?$allocator@U_Container_proxy@std@@@std@@QAEPAU_Container_proxy@2@I@Z 00405fb0 f i main.obj
 0001:00004fd0       ?assign@?$basic_string@DU?$char_traits@D@std@@V?$allocator@D@2@@std@@QAEAAV12@ABV12@II@Z 00405fd0 f i main.obj
 0001:00005090       ?max_size@?$basic_string@DU?$char_traits@D@std@@V?$allocator@D@2@@std@@QBEIXZ 00406090 f i main.obj
 0001:000050d0       ?_Copy@?$basic_string@DU?$char_traits@D@std@@V?$allocator@D@2@@std@@QAEXII@Z 004060d0 f i main.obj
 0001:00005260       ?_Inside@?$basic_string@DU?$char_traits@D@std@@V?$allocator@D@2@@std@@QAE_NPBD@Z 00406260 f i main.obj
 0001:000052a0       ?widen@?$basic_ios@DU?$char_traits@D@std@@@std@@QBEDD@Z 004062a0 f i main.obj
 0001:00005320       ??1locale@std@@QAE@XZ      00406320 f i main.obj
 0001:00005350       ?_Decref@facet@locale@std@@QAEPAV123@XZ 00406350 f i main.obj
 0001:000053b0       ?widen@?$ctype@D@std@@QBEDD@Z 004063b0 f i main.obj
 0001:000053d0       ?getloc@ios_base@std@@QBE?AVlocale@2@XZ 004063d0 f i main.obj
 0001:00005410       ??0locale@std@@QAE@ABV01@@Z 00406410 f i main.obj
 0001:00005440       ?setp@?$basic_streambuf@DU?$char_traits@D@std@@@std@@IAEXPAD0@Z 00406440 f i main.obj
 0001:00005480       ??0?$_String_const_iterator@DU?$char_traits@D@std@@V?$allocator@D@2@@std@@QAE@PBDPBU_Container_base12@1@@Z 00406480 f i main.obj
 0001:000054f0       ?_Adopt@_Iterator_base12@std@@QAEXPBU_Container_base12@2@@Z 004064f0 f i main.obj
 0001:00005590       ??0?$_Iterator012@Urandom_access_iterator_tag@std@@DHPBDABDU_Iterator_base12@2@@std@@QAE@XZ 00406590 f i main.obj
 0001:000055b0       ?allocate@?$allocator@D@std@@QAEPADI@Z 004065b0 f i main.obj
 0001:000055d0       ?max_size@?$allocator@D@std@@QBEIXZ 004065d0 f i main.obj
 0001:00005600       ??$_DebugHeapDelete@Vfacet@locale@std@@@std@@YAXPAVfacet@locale@0@@Z 00406600 f i main.obj
 0001:00005630       ??$use_facet@V?$ctype@D@std@@@std@@YAABV?$ctype@D@0@ABVlocale@0@@Z 00406630 f i main.obj
 0001:00005720       ??Bid@locale@std@@QAEIXZ   00406720 f i main.obj
 0001:00005770       ?_Register@facet@locale@std@@QAEXXZ 00406770 f i main.obj
 0001:00005790       ?_Getfacet@locale@std@@QBEPBVfacet@12@I@Z 00406790 f i main.obj
 0001:00005820       ?_Getcat@?$ctype@D@std@@SAIPAPBVfacet@locale@2@PBV42@@Z 00406820 f i main.obj
 0001:00005920       ??0_Locinfo@std@@QAE@PBD@Z 00406920 f i main.obj
 0001:000059f0       ??1_Locinfo@std@@QAE@XZ    004069f0 f i main.obj
 0001:00005a90       ??2facet@locale@std@@SAPAXIABU_DebugHeapTag_t@2@PADH@Z 00406a90 f i main.obj
 0001:00005ab0       ??3facet@locale@std@@SAXPAXABU_DebugHeapTag_t@2@PADH@Z 00406ab0 f i main.obj
 0001:00005ad0       ??3facet@locale@std@@SAXPAX@Z 00406ad0 f i main.obj
 0001:00005af0       ?c_str@locale@std@@QBEPBDXZ 00406af0 f i main.obj
 0001:00005b10       ??0?$ctype@D@std@@QAE@ABV_Locinfo@1@I@Z 00406b10 f i main.obj
 0001:00005b80       ??0ctype_base@std@@QAE@I@Z 00406b80 f i main.obj
 0001:00005bb0       ??0facet@locale@std@@IAE@I@Z 00406bb0 f i main.obj
 0001:00005be0       ??_Gfacet@locale@std@@UAEPAXI@Z 00406be0 f i main.obj
 0001:00005be0       ??_Efacet@locale@std@@UAEPAXI@Z 00406be0 f i main.obj
 0001:00005c10       ??1facet@locale@std@@UAE@XZ 00406c10 f i main.obj
 0001:00005c30       ??1ctype_base@std@@UAE@XZ  00406c30 f i main.obj
 0001:00005c50       ??_Gctype_base@std@@UAEPAXI@Z 00406c50 f i main.obj
 0001:00005c50       ??_Ectype_base@std@@UAEPAXI@Z 00406c50 f i main.obj
 0001:00005c80       ?_Init@?$ctype@D@std@@IAEXABV_Locinfo@2@@Z 00406c80 f i main.obj
 0001:00005cc0       ?_Getctype@_Locinfo@std@@QBE?AU_Ctypevec@@XZ 00406cc0 f i main.obj
 0001:00005d10       ?do_tolower@?$ctype@D@std@@MBEDD@Z 00406d10 f i main.obj
 0001:00005d40       ?do_tolower@?$ctype@D@std@@MBEPBDPADPBD@Z 00406d40 f i main.obj
 0001:00005da0       ?do_toupper@?$ctype@D@std@@MBEDD@Z 00406da0 f i main.obj
 0001:00005dd0       ?do_toupper@?$ctype@D@std@@MBEPBDPADPBD@Z 00406dd0 f i main.obj
 0001:00005e30       ?do_widen@?$ctype@D@std@@MBEDD@Z 00406e30 f i main.obj
 0001:00005e40       ?do_widen@?$ctype@D@std@@MBEPBDPBD0PAD@Z 00406e40 f i main.obj
 0001:00005ea0       ?do_narrow@?$ctype@D@std@@MBEDDD@Z 00406ea0 f i main.obj
 0001:00005eb0       ?do_narrow@?$ctype@D@std@@MBEPBDPBD0DPAD@Z 00406eb0 f i main.obj
 0001:00005f10       ??_E?$ctype@D@std@@MAEPAXI@Z 00406f10 f i main.obj
 0001:00005f10       ??_G?$ctype@D@std@@MAEPAXI@Z 00406f10 f i main.obj
 0001:00005f40       ??1?$ctype@D@std@@MAE@XZ   00406f40 f i main.obj
 0001:00005fa0       ?_Tidy@?$ctype@D@std@@IAEXXZ 00406fa0 f i main.obj
 0001:00005ff0       ??0?$_Yarn@D@std@@QAE@XZ   00406ff0 f i main.obj
 0001:00006010       ??1?$_Yarn@D@std@@QAE@XZ   00407010 f i main.obj
 0001:00006030       ?c_str@?$_Yarn@D@std@@QBEPBDXZ 00407030 f i main.obj
 0001:00006060       ?_Tidy@?$_Yarn@D@std@@AAEXXZ 00407060 f i main.obj
 0001:00006090       ??$_Debug_range@PBD@std@@YAXPBD0PB_WI@Z 00407090 f i main.obj
 0001:000060d0       ??$_Debug_pointer@D@std@@YAXPBDPB_WI@Z 004070d0 f i main.obj
 0001:000060d0       ??$_Debug_pointer@D@std@@YAXPADPB_WI@Z 004070d0 f i main.obj
 0001:000060f0       ??$_DebugHeapDelete@Vlocale@std@@@std@@YAXPAVlocale@0@@Z 004070f0 f i main.obj
 0001:00006120       ??$use_facet@V?$codecvt@DDH@std@@@std@@YAABV?$codecvt@DDH@0@ABVlocale@0@@Z 00407120 f i main.obj
 0001:00006210       ??$?0D@?$allocator@U_Container_proxy@std@@@std@@QAE@ABV?$allocator@D@1@@Z 00407210 f i main.obj
 0001:00006210       ??0?$allocator@D@std@@QAE@ABV01@@Z 00407210 f i main.obj
 0001:00006220       ??$_Cons_val@V?$allocator@U_Container_proxy@std@@@std@@U_Container_proxy@2@U32@@std@@YAXAAV?$allocator@U_Container_proxy@std@@@0@PAU_Container_proxy@0@$$QAU20@@Z 00407220 f i main.obj
 0001:00006240       ??$_Dest_val@V?$allocator@U_Container_proxy@std@@@std@@U_Container_proxy@2@@std@@YAXAAV?$allocator@U_Container_proxy@std@@@0@PAU_Container_proxy@0@@Z 00407240 f i main.obj
 0001:00006260       ??$_Allocate@U_Container_proxy@std@@@std@@YAPAU_Container_proxy@0@IPAU10@@Z 00407260 f i main.obj
 0001:000062c0       ??0bad_alloc@std@@QAE@PBD@Z 004072c0 f i main.obj
 0001:000062f0       ??1bad_alloc@std@@UAE@XZ   004072f0 f i main.obj
 0001:00006310       ??_Ebad_alloc@std@@UAEPAXI@Z 00407310 f i main.obj
 0001:00006310       ??_Gbad_alloc@std@@UAEPAXI@Z 00407310 f i main.obj
 0001:00006340       ??$_Allocate@D@std@@YAPADIPAD@Z 00407340 f i main.obj
 0001:000063a0       ??_Glocale@std@@QAEPAXI@Z  004073a0 f i main.obj
 0001:000063d0       ??0bad_alloc@std@@QAE@ABV01@@Z 004073d0 f i main.obj
 0001:00006400       ?_Getcat@?$codecvt@DDH@std@@SAIPAPBVfacet@locale@2@PBV42@@Z 00407400 f i main.obj
 0001:00006500       ?construct@?$allocator@U_Container_proxy@std@@@std@@QAEXPAU_Container_proxy@2@$$QAU32@@Z 00407500 f i main.obj
 0001:00006590       ??2@YAPAXIPAX@Z            00407590 f i main.obj
 0001:000065a0       ??3@YAXPAX0@Z              004075a0 f i main.obj
 0001:000065a0       ??$_Destroy@U_Container_proxy@std@@@std@@YAXPAU_Container_proxy@0@@Z 004075a0 f i main.obj
 0001:000065b0       ?destroy@?$allocator@U_Container_proxy@std@@@std@@QAEXPAU_Container_proxy@2@@Z 004075b0 f i main.obj
 0001:000065d0       ??0?$codecvt@DDH@std@@QAE@ABV_Locinfo@1@I@Z 004075d0 f i main.obj
 0001:00006640       ??0codecvt_base@std@@QAE@I@Z 00407640 f i main.obj
 0001:00006670       ??1codecvt_base@std@@UAE@XZ 00407670 f i main.obj
 0001:00006690       ?do_always_noconv@codecvt_base@std@@MBE_NXZ 00407690 f i main.obj
 0001:000066a0       ?do_encoding@codecvt_base@std@@MBEHXZ 004076a0 f i main.obj
 0001:000066a0       ?do_max_length@codecvt_base@std@@MBEHXZ 004076a0 f i main.obj
 0001:000066b0       ??_Ecodecvt_base@std@@UAEPAXI@Z 004076b0 f i main.obj
 0001:000066b0       ??_Gcodecvt_base@std@@UAEPAXI@Z 004076b0 f i main.obj
 0001:000066e0       ?do_out@?$codecvt@DDH@std@@MBEHAAHPBD1AAPBDPAD3AAPAD@Z 004076e0 f i main.obj
 0001:000066e0       ?do_in@?$codecvt@DDH@std@@MBEHAAHPBD1AAPBDPAD3AAPAD@Z 004076e0 f i main.obj
 0001:00006710       ?do_unshift@?$codecvt@DDH@std@@MBEHAAHPAD1AAPAD@Z 00407710 f i main.obj
 0001:00006730       ?do_length@?$codecvt@DDH@std@@MBEHABHPBD1I@Z 00407730 f i main.obj
 0001:00006760       ??_G?$codecvt@DDH@std@@MAEPAXI@Z 00407760 f i main.obj
 0001:00006760       ??_E?$codecvt@DDH@std@@MAEPAXI@Z 00407760 f i main.obj
 0001:00006790       ??1?$codecvt@DDH@std@@MAE@XZ 00407790 f i main.obj
 0001:000067b0       ??$_Iter_cat@PBD@std@@YA?AUrandom_access_iterator_tag@0@ABQBD@Z 004077b0 f i main.obj
 0001:000067d0       ??$_Debug_range2@PBD@std@@YAXPBD0PB_WIUrandom_access_iterator_tag@0@@Z 004077d0 f i main.obj
 0001:00006830       ??$forward@U_Container_proxy@std@@@std@@YA$$QAU_Container_proxy@0@AAU10@@Z 00407830 f i main.obj
 0001:00006840       ??0id@locale@std@@QAE@I@Z  00407840 f i main.obj
 0001:00006860       ?init_Window@@YAXHHHH_N@Z  00407860 f   Window.obj
 0001:000069c0       ?destroy_Window@@YAXXZ     004079c0 f   Window.obj
 0001:00006a00       ??0LTexture@@QAE@XZ        00407a00 f   LTexture.obj
 0001:00006a30       ??1LTexture@@QAE@XZ        00407a30 f   LTexture.obj
 0001:00006a50       ?loadFromFile@LTexture@@QAE_NV?$basic_string@DU?$char_traits@D@std@@V?$allocator@D@2@@std@@@Z 00407a50 f   LTexture.obj
 0001:00006b90       ?free@LTexture@@QAEXXZ     00407b90 f   LTexture.obj
 0001:00006bd0       ?setColor@LTexture@@QAEXEEE@Z 00407bd0 f   LTexture.obj
 0001:00006c00       ?setBlendMode@LTexture@@QAEXW4SDL_BlendMode@@@Z 00407c00 f   LTexture.obj
 0001:00006c20       ?setAlpha@LTexture@@QAEXE@Z 00407c20 f   LTexture.obj
 0001:00006c40       ?render@LTexture@@QAEXHHHHPAUSDL_Rect@@@Z 00407c40 f   LTexture.obj
 0001:00006cd0       ?getWidth@LTexture@@QAEHXZ 00407cd0 f   LTexture.obj
 0001:00006cf0       ?getHeight@LTexture@@QAEHXZ 00407cf0 f   LTexture.obj
 0001:00006d10       ?c_str@?$basic_string@DU?$char_traits@D@std@@V?$allocator@D@2@@std@@QBEPBDXZ 00407d10 f i LTexture.obj
 0001:00006d24       _SDL_DestroyTexture        00407d24 f   SDL2:SDL2.dll
 0001:00006d2a       _SDL_FreeSurface           00407d2a f   SDL2:SDL2.dll
 0001:00006d30       _SDL_RenderCopy            00407d30 f   SDL2:SDL2.dll
 0001:00006d36       _SDL_CreateTextureFromSurface 00407d36 f   SDL2:SDL2.dll
 0001:00006d3c       _SDL_RWFromFile            00407d3c f   SDL2:SDL2.dll
 0001:00006d42       _SDL_GetError              00407d42 f   SDL2:SDL2.dll
 0001:00006d48       _SDL_GetMouseState         00407d48 f   SDL2:SDL2.dll
 0001:00006d4e       _SDL_ShowCursor            00407d4e f   SDL2:SDL2.dll
 0001:00006d54       _SDL_RenderPresent         00407d54 f   SDL2:SDL2.dll
 0001:00006d5a       _SDL_Delay                 00407d5a f   SDL2:SDL2.dll
 0001:00006d60       _SDL_RenderClear           00407d60 f   SDL2:SDL2.dll
 0001:00006d66       _SDL_SetRenderDrawColor    00407d66 f   SDL2:SDL2.dll
 0001:00006d6c       _SDL_PollEvent             00407d6c f   SDL2:SDL2.dll
 0001:00006d72       _SDL_GetKeyboardState      00407d72 f   SDL2:SDL2.dll
 0001:00006d78       _SDL_SetWindowFullscreen   00407d78 f   SDL2:SDL2.dll
 0001:00006d7e       _SDL_CreateRenderer        00407d7e f   SDL2:SDL2.dll
 0001:00006d84       _SDL_CreateWindow          00407d84 f   SDL2:SDL2.dll
 0001:00006d8a       _SDL_SetHint               00407d8a f   SDL2:SDL2.dll
 0001:00006d90       _SDL_Init                  00407d90 f   SDL2:SDL2.dll
 0001:00006d96       _SDL_Quit                  00407d96 f   SDL2:SDL2.dll
 0001:00006d9c       _SDL_DestroyWindow         00407d9c f   SDL2:SDL2.dll
 0001:00006da2       _SDL_DestroyRenderer       00407da2 f   SDL2:SDL2.dll
 0001:00006da8       _SDL_SetColorKey           00407da8 f   SDL2:SDL2.dll
 0001:00006dae       _SDL_MapRGB                00407dae f   SDL2:SDL2.dll
 0001:00006db4       _SDL_SetTextureColorMod    00407db4 f   SDL2:SDL2.dll
 0001:00006dba       _SDL_SetTextureBlendMode   00407dba f   SDL2:SDL2.dll
 0001:00006dc0       _SDL_SetTextureAlphaMod    00407dc0 f   SDL2:SDL2.dll
 0001:00006dc6       _IMG_Quit                  00407dc6 f   SDL2_image:SDL2_image.dll
 0001:00006dcc       _IMG_Init                  00407dcc f   SDL2_image:SDL2_image.dll
 0001:00006dd2       _IMG_Load                  00407dd2 f   SDL2_image:SDL2_image.dll
 0001:00006dd8       _Mix_LoadWAV_RW            00407dd8 f   SDL2_mixer:SDL2_mixer.dll
 0001:00006dde       _Mix_LoadMUS               00407dde f   SDL2_mixer:SDL2_mixer.dll
 0001:00006de4       _Mix_PlayChannelTimed      00407de4 f   SDL2_mixer:SDL2_mixer.dll
 0001:00006dea       _Mix_HaltMusic             00407dea f   SDL2_mixer:SDL2_mixer.dll
 0001:00006df0       _Mix_PauseMusic            00407df0 f   SDL2_mixer:SDL2_mixer.dll
 0001:00006df6       _Mix_ResumeMusic           00407df6 f   SDL2_mixer:SDL2_mixer.dll
 0001:00006dfc       _Mix_PausedMusic           00407dfc f   SDL2_mixer:SDL2_mixer.dll
 0001:00006e02       _Mix_PlayMusic             00407e02 f   SDL2_mixer:SDL2_mixer.dll
 0001:00006e08       _Mix_PlayingMusic          00407e08 f   SDL2_mixer:SDL2_mixer.dll
 0001:00006e0e       _Mix_Quit                  00407e0e f   SDL2_mixer:SDL2_mixer.dll
 0001:00006e14       _Mix_FreeMusic             00407e14 f   SDL2_mixer:SDL2_mixer.dll
 0001:00006e1a       _Mix_FreeChunk             00407e1a f   SDL2_mixer:SDL2_mixer.dll
 0001:00006e20       _Mix_OpenAudio             00407e20 f   SDL2_mixer:SDL2_mixer.dll
 0001:00006e30       ?_Ios_base_dtor@ios_base@std@@CAXPAV12@@Z 00407e30 f   libcpmtd:ios.obj
 0001:00006e90       ?_Tidy@ios_base@std@@AAEXXZ 00407e90 f i libcpmtd:ios.obj
 0001:00006f20       ?_Callfns@ios_base@std@@AAEXW4event@12@@Z 00407f20 f i libcpmtd:ios.obj
 0001:00006f70       ?_Addstd@ios_base@std@@SAXPAV12@@Z 00407f70 f   libcpmtd:ios.obj
 0001:00007010       ??$_DebugHeapDelete@U_Fnarray@ios_base@std@@@std@@YAXPAU_Fnarray@ios_base@0@@Z 00408010 f i libcpmtd:ios.obj
 0001:00007010       ??$_DebugHeapDelete@U_Iosarray@ios_base@std@@@std@@YAXPAU_Iosarray@ios_base@0@@Z 00408010 f i libcpmtd:ios.obj
 0001:00007010       ??$_DebugHeapDelete@U_RTL_CRITICAL_SECTION@@@std@@YAXPAU_RTL_CRITICAL_SECTION@@@Z 00408010 f i libcpmtd:xmutex.obj
 0001:00007030       ??0_Mutex@std@@QAE@XZ      00408030 f   libcpmtd:xmutex.obj
 0001:00007080       ??1_Mutex@std@@QAE@XZ      00408080 f   libcpmtd:xmutex.obj
 0001:000070b0       ?_Lock@_Mutex@std@@QAEXXZ  004080b0 f   libcpmtd:xmutex.obj
 0001:000070d0       ?_Unlock@_Mutex@std@@QAEXXZ 004080d0 f   libcpmtd:xmutex.obj
 0001:000070f0       ??0_Init_locks@std@@QAE@XZ 004080f0 f   libcpmtd:xlock.obj
 0001:00007140       ??1_Init_locks@std@@QAE@XZ 00408140 f   libcpmtd:xlock.obj
 0001:00007190       ??0_Lockit@std@@QAE@H@Z    00408190 f   libcpmtd:xlock.obj
 0001:000071d0       ??1_Lockit@std@@QAE@XZ     004081d0 f   libcpmtd:xlock.obj
 0001:00007200       ?_Debug_message@std@@YAXPB_W0I@Z 00408200 f   libcpmtd:stdthrow.obj
 0001:00007230       ??0logic_error@std@@QAE@PBD@Z 00408230 f i libcpmtd:xthrow.obj
 0001:00007260       ??_Glogic_error@std@@UAEPAXI@Z 00408260 f i libcpmtd:xthrow.obj
 0001:00007260       ??_Elogic_error@std@@UAEPAXI@Z 00408260 f i libcpmtd:xthrow.obj
 0001:00007290       ??1logic_error@std@@UAE@XZ 00408290 f i libcpmtd:xthrow.obj
 0001:000072b0       ??0logic_error@std@@QAE@ABV01@@Z 004082b0 f i libcpmtd:xthrow.obj
 0001:000072e0       ?_Xlength_error@std@@YAXPBD@Z 004082e0 f   libcpmtd:xthrow.obj
 0001:00007310       ??0length_error@std@@QAE@PBD@Z 00408310 f i libcpmtd:xthrow.obj
 0001:00007340       ??1out_of_range@std@@UAE@XZ 00408340 f i libcpmtd:xthrow.obj
 0001:00007340       ??1length_error@std@@UAE@XZ 00408340 f i libcpmtd:xthrow.obj
 0001:00007360       ??0length_error@std@@QAE@ABV01@@Z 00408360 f i libcpmtd:xthrow.obj
 0001:00007390       ?_Xout_of_range@std@@YAXPBD@Z 00408390 f   libcpmtd:xthrow.obj
 0001:000073c0       ??0out_of_range@std@@QAE@PBD@Z 004083c0 f i libcpmtd:xthrow.obj
 0001:000073f0       ??_Eout_of_range@std@@UAEPAXI@Z 004083f0 f i libcpmtd:xthrow.obj
 0001:000073f0       ??_Gout_of_range@std@@UAEPAXI@Z 004083f0 f i libcpmtd:xthrow.obj
 0001:000073f0       ??_Glength_error@std@@UAEPAXI@Z 004083f0 f i libcpmtd:xthrow.obj
 0001:000073f0       ??_Elength_error@std@@UAEPAXI@Z 004083f0 f i libcpmtd:xthrow.obj
 0001:00007420       ??0out_of_range@std@@QAE@ABV01@@Z 00408420 f i libcpmtd:xthrow.obj
 0001:00007450       ??2@YAPAXIABU_DebugHeapTag_t@std@@PADH@Z 00408450 f   libcpmtd:xdebug.obj
 0001:000074d0       ??0bad_alloc@std@@QAE@XZ   004084d0 f i libcpmtd:xdebug.obj
 0001:00007500       ??3@YAXPAXABU_DebugHeapTag_t@std@@PADH@Z 00408500 f   libcpmtd:xdebug.obj
 0001:00007520       ?_DebugHeapTag_func@std@@YAABU_DebugHeapTag_t@1@XZ 00408520 f   libcpmtd:xdebug.obj
 0001:00007530       ?_Facet_Register@facet@locale@std@@CAXPAV123@@Z 00408530 f   libcpmtd:locale0.obj
 0001:000075d0       ??0error_condition@std@@QAE@HABVerror_category@1@@Z 004085d0 f i libcpmtd:syserror.obj
 0001:000075d0       ??0_Fac_node@std@@QAE@PAU01@PAVfacet@locale@1@@Z 004085d0 f i libcpmtd:locale0.obj
 0001:00007600       __Deletegloballocale       00408600 f   libcpmtd:locale0.obj
 0001:00007630       ?_Getgloballocale@locale@std@@CAPAV_Locimp@12@XZ 00408630 f   libcpmtd:locale0.obj
 0001:00007640       ?_Setgloballocale@locale@std@@CAXPAX@Z 00408640 f   libcpmtd:locale0.obj
 0001:000076b0       ??0_Locimp@locale@std@@AAE@_N@Z 004086b0 f i libcpmtd:locale0.obj
 0001:00007750       ??0locale@std@@AAE@PAV_Locimp@01@@Z 00408750 f i libcpmtd:locale0.obj
 0001:00007770       ??_G_Locimp@locale@std@@MAEPAXI@Z 00408770 f i libcpmtd:locale0.obj
 0001:00007770       ??_E_Locimp@locale@std@@MAEPAXI@Z 00408770 f i libcpmtd:locale0.obj
 0001:000077a0       ??1_Locimp@locale@std@@MAE@XZ 004087a0 f i libcpmtd:locale0.obj
 0001:00007820       ?_Init@locale@std@@CAPAV_Locimp@12@XZ 00408820 f   libcpmtd:locale0.obj
 0001:00007970       ?_Locimp_dtor@_Locimp@locale@std@@CAXPAV123@@Z 00408970 f   libcpmtd:locale0.obj
 0001:00007a20       ?_Locinfo_ctor@_Locinfo@std@@SAXPAV12@PBD@Z 00408a20 f   libcpmtd:locale0.obj
 0001:00007aa0       ?_Locinfo_dtor@_Locinfo@std@@SAXPAV12@@Z 00408aa0 f   libcpmtd:locale0.obj
 0001:00007ad0       ??0?$_Yarn@D@std@@QAE@PBD@Z 00408ad0 f i libcpmtd:locale0.obj
 0001:00007b00       ??4?$_Yarn@D@std@@QAEAAV01@PBD@Z 00408b00 f i libcpmtd:locale0.obj
 0001:00007ba0       ?_Empty@?$_Yarn@D@std@@QBE_NXZ 00408ba0 f i libcpmtd:locale0.obj
 0001:00007bc0       ?_C_str@?$_Yarn@D@std@@QBEPBDXZ 00408bc0 f i libcpmtd:locale0.obj
 0001:00007bf0       ??0locale@std@@QAE@W4_Uninitialized@1@@Z 00408bf0 f i libcpmtd:locale0.obj
 0001:00007c10       ??1_Fac_tidy_reg_t@std@@QAE@XZ 00408c10 f i libcpmtd:locale0.obj
 0001:00007cb0       ??$_DebugHeapDelete@U_Fac_node@std@@@std@@YAXPAU_Fac_node@0@@Z 00408cb0 f i libcpmtd:locale0.obj
 0001:00007ce0       ??_G_Fac_node@std@@QAEPAXI@Z 00408ce0 f i libcpmtd:locale0.obj
 0001:00007d10       ??1_Fac_node@std@@QAE@XZ   00408d10 f i libcpmtd:locale0.obj
 0001:00007d40       ?iostream_category@std@@YAABVerror_category@1@XZ 00408d40 f   libcpmtd:syserror.obj
 0001:00007d50       ??0_Generic_error_category@std@@QAE@XZ 00408d50 f i libcpmtd:syserror.obj
 0001:00007d80       ??0error_category@std@@QAE@XZ 00408d80 f i libcpmtd:syserror.obj
 0001:00007da0       ??_Eerror_category@std@@UAEPAXI@Z 00408da0 f i libcpmtd:syserror.obj
 0001:00007da0       ??_Gerror_category@std@@UAEPAXI@Z 00408da0 f i libcpmtd:syserror.obj
 0001:00007dd0       ??1error_category@std@@UAE@XZ 00408dd0 f i libcpmtd:syserror.obj
 0001:00007df0       ?equivalent@error_category@std@@UBE_NHABVerror_condition@2@@Z 00408df0 f i libcpmtd:syserror.obj
 0001:00007e30       ??8error_condition@std@@QBE_NABV01@@Z 00408e30 f i libcpmtd:syserror.obj
 0001:00007e90       ??8error_category@std@@QBE_NABV01@@Z 00408e90 f i libcpmtd:syserror.obj
 0001:00007eb0       ?value@error_code@std@@QBEHXZ 00408eb0 f i libcpmtd:syserror.obj
 0001:00007eb0       ?value@error_condition@std@@QBEHXZ 00408eb0 f i libcpmtd:syserror.obj
 0001:00007ed0       ?equivalent@error_category@std@@UBE_NABVerror_code@2@H@Z 00408ed0 f i libcpmtd:syserror.obj
 0001:00007f20       ?message@_Generic_error_category@std@@UBE?AV?$basic_string@DU?$char_traits@D@std@@V?$allocator@D@2@@2@H@Z 00408f20 f i libcpmtd:syserror.obj
 0001:00007f60       ??_E_Generic_error_category@std@@UAEPAXI@Z 00408f60 f i libcpmtd:syserror.obj
 0001:00007f60       ??_E_Iostream_error_category@std@@UAEPAXI@Z 00408f60 f i libcpmtd:syserror.obj
 0001:00007f60       ??_G_Generic_error_category@std@@UAEPAXI@Z 00408f60 f i libcpmtd:syserror.obj
 0001:00007f60       ??_G_Iostream_error_category@std@@UAEPAXI@Z 00408f60 f i libcpmtd:syserror.obj
 0001:00007f90       ??0_Iostream_error_category@std@@QAE@XZ 00408f90 f i libcpmtd:syserror.obj
 0001:00007fc0       ?category@error_condition@std@@QBEABVerror_category@2@XZ 00408fc0 f i libcpmtd:syserror.obj
 0001:00007fc0       ?name@_Generic_error_category@std@@UBEPBDXZ 00408fc0 f i libcpmtd:syserror.obj
 0001:00007fc0       ?name@_Iostream_error_category@std@@UBEPBDXZ 00408fc0 f i libcpmtd:syserror.obj
 0001:00007fc0       ?category@error_code@std@@QBEABVerror_category@2@XZ 00408fc0 f i libcpmtd:syserror.obj
 0001:00007fe0       ?message@_Iostream_error_category@std@@UBE?AV?$basic_string@DU?$char_traits@D@std@@V?$allocator@D@2@@2@H@Z 00408fe0 f i libcpmtd:syserror.obj
 0001:00008040       ??1_Generic_error_category@std@@UAE@XZ 00409040 f i libcpmtd:syserror.obj
 0001:00008040       ??1_Iostream_error_category@std@@UAE@XZ 00409040 f i libcpmtd:syserror.obj
 0001:00008060       ??0_System_error_category@std@@QAE@XZ 00409060 f i libcpmtd:syserror.obj
 0001:00008090       ?name@_System_error_category@std@@UBEPBDXZ 00409090 f i libcpmtd:syserror.obj
 0001:000080b0       ?default_error_condition@error_category@std@@UBE?AVerror_condition@2@H@Z 004090b0 f i libcpmtd:syserror.obj
 0001:000080b0       ?default_error_condition@_System_error_category@std@@UBE?AVerror_condition@2@H@Z 004090b0 f i libcpmtd:syserror.obj
 0001:000080e0       ??_E_System_error_category@std@@UAEPAXI@Z 004090e0 f i libcpmtd:syserror.obj
 0001:000080e0       ??_G_System_error_category@std@@UAEPAXI@Z 004090e0 f i libcpmtd:syserror.obj
 0001:00008110       ??1_System_error_category@std@@UAE@XZ 00409110 f i libcpmtd:syserror.obj
 0001:00008130       __Tolower                  00409130 f   libcpmtd:_tolower.obj
 0001:000082b0       __Getctype                 004092b0 f   libcpmtd:_tolower.obj
 0001:00008340       __Toupper                  00409340 f   libcpmtd:_toupper.obj
 0001:000084c0       __Mtxinit                  004094c0 f   libcpmtd:xmtx.obj
 0001:000084e0       __Mtxdst                   004094e0 f   libcpmtd:xmtx.obj
 0001:00008500       __Mtxlock                  00409500 f   libcpmtd:xmtx.obj
 0001:00008520       __Mtxunlock                00409520 f   libcpmtd:xmtx.obj
 0001:00008540       ?_Atexit@@YAXP6AXXZ@Z      00409540 f   libcpmtd:iosptrs.obj
 0001:00008580       ??1_Init_atexit@@QAE@XZ    00409580 f i libcpmtd:iosptrs.obj
 0001:000085d0       _printf                    004095d0 f   LIBCMTD:printf.obj
 0001:00008710       __get_printf_count_output  00409710 f   LIBCMTD:printf.obj
 0001:00008730       @__security_check_cookie@4 00409730 f   LIBCMTD:secchk.obj
 0001:00008740       __cinit                    00409740 f   LIBCMTD:crt0dat.obj
 0001:000087e0       _exit                      004097e0 f   LIBCMTD:crt0dat.obj
 0001:00008800       __exit                     00409800 f   LIBCMTD:crt0dat.obj
 0001:00008820       __cexit                    00409820 f   LIBCMTD:crt0dat.obj
 0001:00008840       __c_exit                   00409840 f   LIBCMTD:crt0dat.obj
 0001:00008860       __amsg_exit                00409860 f   LIBCMTD:crt0dat.obj
 0001:00008890       ___freeCrtMemory           00409890 f   LIBCMTD:crt0dat.obj
 0001:00008bd0       ___crtCorExitProcess       00409bd0 f   LIBCMTD:crt0dat.obj
 0001:00008c10       ___crtExitProcess          00409c10 f   LIBCMTD:crt0dat.obj
 0001:00008c30       __lockexit                 00409c30 f   LIBCMTD:crt0dat.obj
 0001:00008c50       __unlockexit               00409c50 f   LIBCMTD:crt0dat.obj
 0001:00008c70       __init_pointers            00409c70 f   LIBCMTD:crt0dat.obj
 0001:00008d00       __initterm_e               00409d00 f   LIBCMTD:crt0dat.obj
 0001:00008d40       ?_JumpToContinuation@@YGXPAXPAUEHRegistrationNode@@@Z 00409d40 f   LIBCMTD:_trnsctrl_.obj
 0001:00008d80       ?_CallMemberFunction2@@YGXPAX00H@Z 00409d80 f   LIBCMTD:_trnsctrl_.obj
 0001:00008d80       ?_CallMemberFunction1@@YGXPAX00@Z 00409d80 f   LIBCMTD:_trnsctrl_.obj
 0001:00008d80       ?_CallMemberFunction0@@YGXPAX0@Z 00409d80 f   LIBCMTD:_trnsctrl_.obj
 0001:00008d90       ?_UnwindNestedFrames@@YGXPAUEHRegistrationNode@@PAUEHExceptionRecord@@@Z 00409d90 f   LIBCMTD:_trnsctrl_.obj
 0001:00008df0       ___CxxFrameHandler3        00409df0 f   LIBCMTD:_trnsctrl_.obj
 0001:00008e30       ?_CallCatchBlock2@@YAPAXPAUEHRegistrationNode@@PBU_s_FuncInfo@@PAXHK@Z 00409e30 f   LIBCMTD:_trnsctrl_.obj
 0001:00008ef0       ?_CallSETranslator@@YAHPAUEHExceptionRecord@@PAUEHRegistrationNode@@PAX2PBU_s_FuncInfo@@H1@Z 00409ef0 f   LIBCMTD:_trnsctrl_.obj
 0001:00009090       ?_GetRangeOfTrysToCheck@@YAPBU_s_TryBlockMapEntry@@PBU_s_FuncInfo@@HHPAI1@Z 0040a090 f   LIBCMTD:_trnsctrl_.obj
 0001:00009110       __CreateFrameInfo          0040a110 f   LIBCMTD:_trnsctrl_.obj
 0001:00009140       __IsExceptionObjectToBeDestroyed 0040a140 f   LIBCMTD:_trnsctrl_.obj
 0001:00009170       __FindAndUnlinkFrame       0040a170 f   LIBCMTD:_trnsctrl_.obj
 0001:000091d0       ??3@YAXPAX@Z               0040a1d0 f   LIBCMTD:dbgdel.obj
 0001:000092c0       _memcpy                    0040a2c0 f   LIBCMTD:memcpy.obj
 0001:00009630       ___iob_func                0040a630 f   LIBCMTD:_file.obj
 0001:00009640       ___initstdio               0040a640 f   LIBCMTD:_file.obj
 0001:00009790       ___endstdio                0040a790 f   LIBCMTD:_file.obj
 0001:000097c0       __lock_file                0040a7c0 f   LIBCMTD:_file.obj
 0001:00009820       __lock_file2               0040a820 f   LIBCMTD:_file.obj
 0001:00009860       __unlock_file              0040a860 f   LIBCMTD:_file.obj
 0001:000098c0       __unlock_file2             0040a8c0 f   LIBCMTD:_file.obj
 0001:00009900       _fwrite                    0040a900 f   LIBCMTD:fwrite.obj
 0001:00009a10       __fwrite_nolock            0040aa10 f   LIBCMTD:fwrite.obj
 0001:00009de0       _fputc                     0040ade0 f   LIBCMTD:fputc.obj
 0001:0000a040       _ungetc                    0040b040 f   LIBCMTD:ungetc.obj
 0001:0000a130       __ungetc_nolock            0040b130 f   LIBCMTD:ungetc.obj
 0001:0000a350       _memcpy_s                  0040b350 f   LIBCMTD:memcpy_s.obj
 0001:0000a4e0       _fgetc                     0040b4e0 f   LIBCMTD:fgetc.obj
 0001:0000a730       _fgetpos                   0040b730 f   LIBCMTD:fgetpos.obj
 0001:0000a840       __fseeki64                 0040b840 f   LIBCMTD:fseeki64.obj
 0001:0000a9c0       __fseeki64_nolock          0040b9c0 f   LIBCMTD:fseeki64.obj
 0001:0000ab00       _fsetpos                   0040bb00 f   LIBCMTD:fsetpos.obj
 0001:0000abf0       _setvbuf                   0040bbf0 f   LIBCMTD:setvbuf.obj
 0001:0000aec0       _fflush                    0040bec0 f   LIBCMTD:fflush.obj
 0001:0000af60       __fflush_nolock            0040bf60 f   LIBCMTD:fflush.obj
 0001:0000afc0       __flush                    0040bfc0 f   LIBCMTD:fflush.obj
 0001:0000b080       __flushall                 0040c080 f   LIBCMTD:fflush.obj
 0001:0000b250       _memmove                   0040c250 f   LIBCMTD:memmove.obj
 0001:0000b5c0       _fclose                    0040c5c0 f   LIBCMTD:fclose.obj
 0001:0000b6d0       __fclose_nolock            0040c6d0 f   LIBCMTD:fclose.obj
 0001:0000b7d0       _memset                    0040c7d0 f   LIBCMTD:memset.obj
 0001:0000b850       __CxxThrowException@8      0040c850 f   LIBCMTD:throw.obj
 0001:0000b8b0       ??1type_info@@UAE@XZ       0040c8b0 f   LIBCMTD:typinfo.obj
 0001:0000b8e0       ??_Etype_info@@UAEPAXI@Z   0040c8e0 f i LIBCMTD:typinfo.obj
 0001:0000b8e0       ??_Gtype_info@@UAEPAXI@Z   0040c8e0 f i LIBCMTD:typinfo.obj
 0001:0000b910       ??8type_info@@QBE_NABV0@@Z 0040c910 f   LIBCMTD:typinfo.obj
 0001:0000b940       ??_Eexception@std@@UAEPAXI@Z 0040c940 f i LIBCMTD:stdexcpt.obj
 0001:0000b940       ??_Gexception@std@@UAEPAXI@Z 0040c940 f i LIBCMTD:stdexcpt.obj
 0001:0000b970       ??0exception@std@@QAE@ABQBD@Z 0040c970 f   LIBCMTD:stdexcpt.obj
 0001:0000b9b0       ??0exception@std@@QAE@ABQBDH@Z 0040c9b0 f   LIBCMTD:stdexcpt.obj
 0001:0000b9e0       ??0exception@std@@QAE@ABV01@@Z 0040c9e0 f   LIBCMTD:stdexcpt.obj
 0001:0000ba20       ??4exception@std@@QAEAAV01@ABV01@@Z 0040ca20 f   LIBCMTD:stdexcpt.obj
 0001:0000ba70       ??1exception@std@@UAE@XZ   0040ca70 f   LIBCMTD:stdexcpt.obj
 0001:0000ba90       ?what@exception@std@@UBEPBDXZ 0040ca90 f   LIBCMTD:stdexcpt.obj
 0001:0000bac0       ?_Copy_str@exception@std@@AAEXPBD@Z 0040cac0 f   LIBCMTD:stdexcpt.obj
 0001:0000bb30       ?_Tidy@exception@std@@AAEXXZ 0040cb30 f   LIBCMTD:stdexcpt.obj
 0001:0000bb70       ??0bad_cast@std@@QAE@PBD@Z 0040cb70 f   LIBCMTD:stdexcpt.obj
 0001:0000bba0       ??_Ebad_cast@std@@UAEPAXI@Z 0040cba0 f i LIBCMTD:stdexcpt.obj
 0001:0000bba0       ??_Gbad_cast@std@@UAEPAXI@Z 0040cba0 f i LIBCMTD:stdexcpt.obj
 0001:0000bbd0       ??0bad_cast@std@@QAE@ABV01@@Z 0040cbd0 f   LIBCMTD:stdexcpt.obj
 0001:0000bc00       ??1bad_cast@std@@UAE@XZ    0040cc00 f   LIBCMTD:stdexcpt.obj
 0001:0000bc20       __initp_misc_invarg        0040cc20 f   LIBCMTD:invarg.obj
 0001:0000bc30       __invalid_parameter        0040cc30 f   LIBCMTD:invarg.obj
 0001:0000bc90       __invoke_watson            0040cc90 f   LIBCMTD:invarg.obj
 0001:0000bcc0       __call_reportfault         0040ccc0 f   LIBCMTD:invarg.obj
 0001:0000be10       __CrtDbgReportW            0040ce10 f   LIBCMTD:dbgrptw.obj
 0001:0000be50       __CrtDbgReportWV           0040ce50 f i LIBCMTD:dbgrptw.obj
 0001:0000be80       ___crtMessageWindowW       0040ce80 f   LIBCMTD:dbgrptw.obj
 0001:0000c280       __invoke_watson_if_error   0040d280 f i LIBCMTD:dbgrptw.obj
 0001:0000c2b0       __invoke_watson_if_oneof   0040d2b0 f i LIBCMTD:dbgrptw.obj
 0001:0000c2f0       _free                      0040d2f0 f   LIBCMTD:dbgfree.obj
 0001:0000c310       ??_V@YAXPAX@Z              0040d310 f   LIBCMTD:delete2.obj
 0001:0000c330       __malloc_dbg               0040d330 f   LIBCMTD:dbgheap.obj
 0001:0000c360       __nh_malloc_dbg            0040d360 f   LIBCMTD:dbgheap.obj
 0001:0000c800       __calloc_dbg_impl          0040d800 f   LIBCMTD:dbgheap.obj
 0001:0000c880       __calloc_dbg               0040d880 f   LIBCMTD:dbgheap.obj
 0001:0000c8e0       __realloc_dbg              0040d8e0 f   LIBCMTD:dbgheap.obj
 0001:0000cf80       __free_dbg                 0040df80 f   LIBCMTD:dbgheap.obj
 0001:0000d000       __free_dbg_nolock          0040e000 f   LIBCMTD:dbgheap.obj
 0001:0000d4e0       __msize_dbg                0040e4e0 f   LIBCMTD:dbgheap.obj
 0001:0000d710       __CrtCheckMemory           0040e710 f   LIBCMTD:dbgheap.obj
 0001:0000db70       __CrtSetDbgFlag            0040eb70 f   LIBCMTD:dbgheap.obj
 0001:0000dcc0       __CrtIsValidPointer        0040ecc0 f   LIBCMTD:dbgheap.obj
 0001:0000dcd0       __CrtIsValidHeapPointer    0040ecd0 f   LIBCMTD:dbgheap.obj
 0001:0000dd20       __CrtMemCheckpoint         0040ed20 f   LIBCMTD:dbgheap.obj
 0001:0000df40       __CrtMemDumpAllObjectsSince 0040ef40 f   LIBCMTD:dbgheap.obj
 0001:0000df80       ??0_LocaleUpdate@@QAE@PAUlocaleinfo_struct@@@Z 0040ef80 f i LIBCMTD:dbgheap.obj
 0001:0000e060       ??1_LocaleUpdate@@QAE@XZ   0040f060 f i LIBCMTD:dbgheap.obj
 0001:0000e090       ?GetLocaleT@_LocaleUpdate@@QAEPAUlocaleinfo_struct@@XZ 0040f090 f i LIBCMTD:dbgheap.obj
 0001:0000e550       __CrtDumpMemoryLeaks       0040f550 f   LIBCMTD:dbgheap.obj
 0001:0000e5d0       __CrtSetCheckCount         0040f5d0 f   LIBCMTD:dbgheap.obj
 0001:0000e5f0       __CrtGetCheckCount         0040f5f0 f   LIBCMTD:dbgheap.obj
 0001:0000e600       ??2@YAPAXI@Z               0040f600 f   LIBCMTD:new.obj
 0001:0000e680       __onexit                   0040f680 f   LIBCMTD:onexit.obj
 0001:0000e850       _atexit                    0040f850 f   LIBCMTD:onexit.obj
 0001:0000e870       ___onexitinit              0040f870 f   LIBCMTD:onexit.obj
 0001:0000e8d0       ??_L@YGXPAXIHP6EX0@Z1@Z    0040f8d0 f   LIBCMTD:ehvecctr.obj
 0001:0000e980       ??_M@YGXPAXIHP6EX0@Z@Z     0040f980 f   LIBCMTD:ehvecdtr.obj
 0001:0000ea40       ?__ArrayUnwind@@YGXPAXIHP6EX0@Z@Z 0040fa40 f   LIBCMTD:ehvecdtr.obj
 0001:0000eb00       __wassert                  0040fb00 f   LIBCMTD:wassert.obj
 0001:0000f6d0       _mainCRTStartup            004106d0 f   LIBCMTD:crt0.obj
 0001:0000f930       __locterm                  00410930 f   LIBCMTD:setlocal.obj
 0001:0000fa20       _setlocale                 00410a20 f   LIBCMTD:setlocal.obj
 0001:000108d0       __expandlocale             004118d0 f   LIBCMTD:setlocal.obj
 0001:00010b80       ___init_collate            00411b80 f   LIBCMTD:initcoll.obj
 0001:00010b80       ___init_dummy              00411b80 f   LIBCMTD:setlocal.obj
 0001:00010b90       __strcats                  00411b90 f   LIBCMTD:setlocal.obj
 0001:00010c10       ___lc_strtolc              00411c10 f   LIBCMTD:setlocal.obj
 0001:00010e10       ___lc_lctostr              00411e10 f   LIBCMTD:setlocal.obj
 0001:00010eb0       __purecall                 00411eb0 f   LIBCMTD:purevirt.obj
 0001:00010ef0       _strerror                  00411ef0 f   LIBCMTD:strerror.obj
 0001:00010fa0       __get_sys_err_msg          00411fa0 f i LIBCMTD:strerror.obj
 0001:00010fe0       _strlen                    00411fe0 f   LIBCMTD:strlen.obj
 0001:00011070       ___crtLCMapStringA         00412070 f   LIBCMTD:a_map.obj
 0001:00011360       __MarkAllocaS              00412360 f i LIBCMTD:a_map.obj
 0001:00011390       __freea                    00412390 f i LIBCMTD:a_map.obj
 0001:00011450       ___pctype_func             00412450 f   LIBCMTD:ctype.obj
 0001:000114a0       __isupper_l                004124a0 f i LIBCMTD:_ctype.obj
 0001:00011520       _isupper                   00412520 f i LIBCMTD:_ctype.obj
 0001:00011550       __islower_l                00412550 f i LIBCMTD:_ctype.obj
 0001:000115d0       _islower                   004125d0 f i LIBCMTD:_ctype.obj
 0001:00011600       ___init_ctype              00412600 f   LIBCMTD:initctyp.obj
 0001:00011bb0       ____lc_codepage_func       00412bb0 f   LIBCMTD:initctyp.obj
 0001:00011c00       ____lc_handle_func         00412c00 f   LIBCMTD:initctyp.obj
 0001:00011c50       _abort                     00412c50 f   LIBCMTD:abort.obj
 0001:00011cb0       __set_abort_behavior       00412cb0 f   LIBCMTD:abort.obj
 0001:00011ce0       __stbuf                    00412ce0 f   LIBCMTD:_sftbuf.obj
 0001:00011e40       __ftbuf                    00412e40 f   LIBCMTD:_sftbuf.obj
 0001:00011ed0       __output_l                 00412ed0 f   LIBCMTD:output.obj
 0001:00013280       _get_int_arg               00414280 f i LIBCMTD:output.obj
 0001:000132a0       _get_int64_arg             004142a0 f i LIBCMTD:output.obj
 0001:000132c0       _get_short_arg             004142c0 f i LIBCMTD:output.obj
 0001:000132e0       __dosmaperr                004142e0 f   LIBCMTD:dosmap.obj
 0001:00013310       __get_errno_from_oserr     00414310 f   LIBCMTD:dosmap.obj
 0001:00013390       __errno                    00414390 f   LIBCMTD:dosmap.obj
 0001:000133c0       ___doserrno                004143c0 f   LIBCMTD:dosmap.obj
 0001:000133f0       __except_handler4          004143f0 f   LIBCMTD:chandler4.obj
 0001:00013610       ___report_gsfailure        00414610 f   LIBCMTD:gs_report.obj
 0001:00013720       __RTC_Initialize           00414720 f   LIBCMTD:_initsect_.obj
 0001:00013750       __RTC_Terminate            00414750 f   LIBCMTD:_initsect_.obj
 0001:00013780       __initp_misc_cfltcvt_tab   00414780 f   LIBCMTD:cmiscdat.obj
 0001:000137c0       __ValidateImageBase        004147c0 f   LIBCMTD:pesect.obj
 0001:00013820       __FindPESection            00414820 f   LIBCMTD:pesect.obj
 0001:000138a0       __IsNonwritableInCurrentImage 004148a0 f   LIBCMTD:pesect.obj
 0001:000139c0       __FF_MSGBANNER             004149c0 f   LIBCMTD:crt0msg.obj
 0001:00013a10       __GET_RTERRMSG             00414a10 f   LIBCMTD:crt0msg.obj
 0001:00013a60       __NMSG_WRITE               00414a60 f   LIBCMTD:crt0msg.obj
 0001:00013da0       ___updatetmbcinfo          00414da0 f   LIBCMTD:mbctype.obj
 0001:00013ec0       __setmbcp                  00414ec0 f   LIBCMTD:mbctype.obj
 0001:00014270       __setmbcp_nolock           00415270 f   LIBCMTD:mbctype.obj
 0001:00014a60       ___initmbctable            00415a60 f   LIBCMTD:mbctype.obj
 0001:00014a90       __encoded_null             00415a90 f   LIBCMTD:tidtable.obj
 0001:00014aa0       ___crtTlsAlloc@4           00415aa0 f   LIBCMTD:tidtable.obj
 0001:00014ab0       ___set_flsgetvalue         00415ab0 f   LIBCMTD:tidtable.obj
 0001:00014b00       __mtinit                   00415b00 f   LIBCMTD:tidtable.obj
 0001:00014d00       __mtterm                   00415d00 f   LIBCMTD:tidtable.obj
 0001:00014d60       __initptd                  00415d60 f   LIBCMTD:tidtable.obj
 0001:00014e90       __getptd_noexit            00415e90 f   LIBCMTD:tidtable.obj
 0001:00014f50       __getptd                   00415f50 f   LIBCMTD:tidtable.obj
 0001:00014f80       __freefls@4                00415f80 f   LIBCMTD:tidtable.obj
 0001:00015190       __mtinitlocks              00416190 f   LIBCMTD:mlock.obj
 0001:00015220       __mtdeletelocks            00416220 f   LIBCMTD:mlock.obj
 0001:000152e0       __mtinitlocknum            004162e0 f   LIBCMTD:mlock.obj
 0001:00015430       __lock                     00416430 f   LIBCMTD:mlock.obj
 0001:00015470       __unlock                   00416470 f   LIBCMTD:mlock.obj
 0001:00015490       __initp_eh_hooks           00416490 f   LIBCMTD:hooks.obj
 0001:000154b0       ?terminate@@YAXXZ          004164b0 f   LIBCMTD:hooks.obj
 0001:00015530       ?unexpected@@YAXXZ         00416530 f   LIBCMTD:hooks.obj
 0001:00015560       ?_inconsistency@@YAXXZ     00416560 f   LIBCMTD:hooks.obj
 0001:000155f0       __initp_misc_winsig        004165f0 f   LIBCMTD:winsig.obj
 0001:00015620       _raise                     00416620 f   LIBCMTD:winsig.obj
 0001:00015990       ___get_sigabrt             00416990 f   LIBCMTD:winsig.obj
 0001:000159b0       __initp_misc_rand_s        004169b0 f   LIBCMTD:rand_s.obj
 0001:000159c0       ___getlocaleinfo           004169c0 f   LIBCMTD:inithelp.obj
 0001:00015ca0       __initp_misc_purevirt      00416ca0 f   LIBCMTD:inithelp.obj
 0001:00015cb0       __initp_heap_handler       00416cb0 f   LIBCMTD:handler.obj
 0001:00015cc0       __callnewh                 00416cc0 f   LIBCMTD:handler.obj
 0001:00015d00       ___InternalCxxFrameHandler 00416d00 f   LIBCMTD:frame.obj
 0001:00016300       ??0bad_exception@std@@QAE@PBD@Z 00417300 f i LIBCMTD:frame.obj
 0001:00016330       ??1bad_exception@std@@UAE@XZ 00417330 f i LIBCMTD:frame.obj
 0001:00016350       ??_Ebad_exception@std@@UAEPAXI@Z 00417350 f i LIBCMTD:frame.obj
 0001:00016350       ??_Gbad_exception@std@@UAEPAXI@Z 00417350 f i LIBCMTD:frame.obj
 0001:00016380       ??0bad_exception@std@@QAE@ABV01@@Z 00417380 f i LIBCMTD:frame.obj
 0001:00016540       ___TypeMatch               00417540 f   LIBCMTD:frame.obj
 0001:000165f0       ___FrameUnwindFilter       004175f0 f   LIBCMTD:frame.obj
 0001:00016670       ___FrameUnwindToState      00417670 f   LIBCMTD:frame.obj
 0001:00016bb0       ___BuildCatchObjectHelper  00417bb0 f   LIBCMTD:frame.obj
 0001:00016e20       ___BuildCatchObject        00417e20 f   LIBCMTD:frame.obj
 0001:00016f30       ___DestructExceptionObject 00417f30 f   LIBCMTD:frame.obj
 0001:00016fe0       ___AdjustPointer           00417fe0 f   LIBCMTD:frame.obj
 0001:000171d0       __CallSettingFrame@12      004181d0 f   LIBCMTD:lowhelpr.obj
 0001:000171f7       __NLG_Return               004181f7     LIBCMTD:lowhelpr.obj
 0001:00017220       __VEC_memcpy               00418220 f   LIBCMTD:p4_memcpy.obj
 0001:00017330       ___sse2_available_init     00418330 f   LIBCMTD:cpu_disp.obj
 0001:00017350       __ioinit                   00418350 f   LIBCMTD:ioinit.obj
 0001:00017760       __fcloseall                00418760 f   LIBCMTD:closeall.obj
 0001:00017890       __flsbuf                   00418890 f   LIBCMTD:_flsbuf.obj
 0001:00017b50       __write                    00418b50 f   LIBCMTD:write.obj
 0001:00017d80       __write_nolock             00418d80 f   LIBCMTD:write.obj
 0001:000188c0       __fileno                   004198c0 f   LIBCMTD:fileno.obj
 0001:00018940       __getbuf                   00419940 f   LIBCMTD:_getbuf.obj
 0001:00018a10       __filbuf                   00419a10 f   LIBCMTD:_filbuf.obj
 0001:00018c60       __ftelli64                 00419c60 f   LIBCMTD:ftelli64.obj
 0001:00018d50       __ftelli64_nolock          00419d50 f   LIBCMTD:ftelli64.obj
 0001:000192e0       __lseeki64                 0041a2e0 f   LIBCMTD:lseeki64.obj
 0001:00019530       __lseeki64_nolock          0041a530 f   LIBCMTD:lseeki64.obj
 0001:00019620       __freebuf                  0041a620 f   LIBCMTD:_freebuf.obj
 0001:000196b0       __commit                   0041a6b0 f   LIBCMTD:commit.obj
 0001:000198d0       __close                    0041a8d0 f   LIBCMTD:close.obj
 0001:00019ae0       __close_nolock             0041aae0 f   LIBCMTD:close.obj
 0001:00019bb0       __VEC_memzero              0041abb0 f   LIBCMTD:p4_memset.obj
 0001:00019c70       ?_Type_info_dtor@type_info@@CAXPAV1@@Z 0041ac70 f   LIBCMTD:typname.obj
 0001:00019d80       _strcmp                    0041ad80 f   LIBCMTD:strcmp.obj
 0001:00019e10       _strcpy_s                  0041ae10 f   LIBCMTD:strcpy_s.obj
 0001:0001a0f0       _malloc                    0041b0f0 f   LIBCMTD:dbgmalloc.obj
 0001:0001a120       __CrtDefaultAllocHook      0041b120 f   LIBCMTD:dbghook.obj
 0001:0001a130       __crt_debugger_hook        0041b130 f   LIBCMTD:dbghook.obj
 0001:0001a150       __CrtDbgBreak              0041b150 f   LIBCMTD:dbgrptt.obj
 0001:0001a160       __VCrtDbgReportA           0041b160 f   LIBCMTD:dbgrptt.obj
 0001:0001a990       __VCrtDbgReportW           0041b990 f   LIBCMTD:dbgrptt.obj
 0001:0001b2c0       ___crtMessageBoxW          0041c2c0 f   LIBCMTD:crtmboxw.obj
 0001:0001b4e0       __snwprintf_s              0041c4e0 f   LIBCMTD:swprintf.obj
 0001:0001b510       _wcslen                    0041c510 f   LIBCMTD:wcslen.obj
 0001:0001b540       _wcscpy_s                  0041c540 f   LIBCMTD:wcscpy_s.obj
 0001:0001b820       __alloca_probe             0041c820     LIBCMTD:chkstk.obj
 0001:0001b820       __chkstk                   0041c820 f   LIBCMTD:chkstk.obj
 0001:0001b850       __malloc_base              0041c850 f   LIBCMTD:malloc.obj
 0001:0001b8e0       __heap_alloc_base          0041c8e0 f i LIBCMTD:malloc.obj
 0001:0001b940       __CrtDbgReport             0041c940 f   LIBCMTD:dbgrpt.obj
 0001:0001b980       __CrtDbgReportV            0041c980 f i LIBCMTD:dbgrpt.obj
 0001:0001b9b0       ___crtMessageWindowA       0041c9b0 f   LIBCMTD:dbgrpt.obj
 0001:0001bdb0       __expand_base              0041cdb0 f   LIBCMTD:expand.obj
 0001:0001bf10       __realloc_base             0041cf10 f   LIBCMTD:realloc.obj
 0001:0001c010       __free_base                0041d010 f   LIBCMTD:free.obj
 0001:0001c060       __heapchk                  0041d060 f   LIBCMTD:heapchk.obj
 0001:0001c090       __heap_init                0041d090 f   LIBCMTD:heapinit.obj
 0001:0001c0d0       ___addlocaleref            0041d0d0 f   LIBCMTD:localref.obj
 0001:0001c1f0       ___removelocaleref         0041d1f0 f   LIBCMTD:localref.obj
 0001:0001c320       ___freetlocinfo            0041d320 f   LIBCMTD:localref.obj
 0001:0001c600       __updatetlocinfoEx_nolock  0041d600 f   LIBCMTD:localref.obj
 0001:0001c680       ___updatetlocinfo          0041d680 f   LIBCMTD:localref.obj
 0001:0001c750       _sprintf_s                 0041d750 f   LIBCMTD:sprintf.obj
 0001:0001c780       __snprintf_s               0041d780 f   LIBCMTD:sprintf.obj
 0001:0001c7b0       __chvalidator              0041d7b0 f   LIBCMTD:isctype.obj
 0001:0001c800       __chvalidator_l            0041d800 f   LIBCMTD:isctype.obj
 0001:0001c8b0       __isctype_l                0041d8b0 f   LIBCMTD:isctype.obj
 0001:0001c9d0       __itow_s                   0041d9d0 f   LIBCMTD:xtows.obj
 0001:0001cdb0       _wcsncat_s                 0041ddb0 f   LIBCMTD:wcsncat_s.obj
 0001:0001d260       _wcsncpy_s                 0041e260 f   LIBCMTD:wcsncpy_s.obj
 0001:0001d670       _wcscat_s                  0041e670 f   LIBCMTD:wcscat_s.obj
 0001:0001da60       _fwprintf                  0041ea60 f   LIBCMTD:fwprintf.obj
 0001:0001dbe0       __set_error_mode           0041ebe0 f   LIBCMTD:errmode.obj
 0001:0001dca0       __vswprintf_helper         0041eca0 f   LIBCMTD:vswprnc.obj
 0001:0001df00       __vswprintf_c_l            0041ef00 f   LIBCMTD:vswprnc.obj
 0001:0001df50       __vsnwprintf_s_l           0041ef50 f   LIBCMTD:vswprnc.obj
 0001:0001e300       __vsnwprintf_s             0041f300 f   LIBCMTD:vswprnc.obj
 0001:0001e330       ?__CxxUnhandledExceptionFilter@@YGJPAU_EXCEPTION_POINTERS@@@Z 0041f330 f   LIBCMTD:unhandld.obj
 0001:0001e3a0       ___CxxSetUnhandledExceptionFilter 0041f3a0 f   LIBCMTD:unhandld.obj
 0001:0001e3c0       ___security_init_cookie    0041f3c0 f   LIBCMTD:gs_support.obj
 0001:0001e4a0       __XcptFilter               0041f4a0 f   LIBCMTD:winxfltr.obj
 0001:0001e700       __setenvp                  0041f700 f   LIBCMTD:stdenvp.obj
 0001:0001e8a0       __setargv                  0041f8a0 f   LIBCMTD:stdargv.obj
 0001:0001e9c0       __set_pgmptr               0041f9c0 f i LIBCMTD:stdargv.obj
 0001:0001ed30       ___crtGetEnvironmentStringsA 0041fd30 f   LIBCMTD:a_env.obj
 0001:0001ee30       ___init_time               0041fe30 f   LIBCMTD:inittime.obj
 0001:0001fb60       ___free_lc_time            00420b60 f   LIBCMTD:inittime.obj
 0001:000201d0       ___init_numeric            004211d0 f   LIBCMTD:initnum.obj
 0001:00020500       ___free_lconv_num          00421500 f   LIBCMTD:initnum.obj
 0001:000205b0       ___init_monetary           004215b0 f   LIBCMTD:initmon.obj
 0001:00020ba0       ___free_lconv_mon          00421ba0 f   LIBCMTD:initmon.obj
 0001:00020d50       _strncpy_s                 00421d50 f   LIBCMTD:strncpy_s.obj
 0001:00021140       _strcspn                   00422140 f   LIBCMTD:strcspn.obj
 0001:00021190       _strncmp                   00422190 f   LIBCMTD:strncmp.obj
 0001:00021310       _strpbrk                   00422310 f   LIBCMTD:strpbrk.obj
 0001:00021350       _memcmp                    00422350 f   LIBCMTD:memcmp.obj
 0001:00021dc0       ___crtGetStringTypeA       00422dc0 f   LIBCMTD:a_str.obj
 0001:00021f30       _strcat_s                  00422f30 f   LIBCMTD:strcat_s.obj
 0001:00022310       ___get_qualified_locale    00423310 f   LIBCMTD:getqloc.obj
 0001:00023170       ___sys_nerr                00424170 f   LIBCMTD:syserr.obj
 0001:00023180       ___sys_errlist             00424180 f   LIBCMTD:syserr.obj
 0001:00023190       __isatty                   00424190 f   LIBCMTD:isatty.obj
 0001:00023250       __wctomb_s_l               00424250 f   LIBCMTD:wctomb.obj
 0001:00023550       _wctomb_s                  00424550 f   LIBCMTD:wctomb.obj
 0001:00023580       __isleadbyte_l             00424580 f i LIBCMTD:_wctype.obj
 0001:000235d0       _isleadbyte                004245d0 f i LIBCMTD:_wctype.obj
 0001:000235f0       __aulldiv                  004245f0 f   LIBCMTD:ulldiv.obj
 0001:00023660       __aullrem                  00424660 f   LIBCMTD:ullrem.obj
 0001:000236e0       __local_unwind4            004246e0 f   LIBCMTD:exsup4.obj
 0001:000237b6       __seh_longjmp_unwind4@4    004247b6 f   LIBCMTD:exsup4.obj
 0001:000237d2       @_EH4_CallFilterFunc@8     004247d2 f   LIBCMTD:exsup4.obj
 0001:000237e9       @_EH4_TransferToHandler@8  004247e9 f   LIBCMTD:exsup4.obj
 0001:00023802       @_EH4_GlobalUnwind2@8      00424802 f   LIBCMTD:exsup4.obj
 0001:0002381b       @_EH4_LocalUnwind@16       0042481b f   LIBCMTD:exsup4.obj
 0001:00023840       __output_s_l               00424840 f   LIBCMTD:outputs.obj
 0001:00024d10       __fptrap                   00425d10 f   LIBCMTD:crt0fp.obj
 0001:00024d30       ___crtGetLocaleInfoA       00425d30 f   LIBCMTD:a_loc.obj
 0001:00024e90       ?_ValidateRead@@YAHPBXI@Z  00425e90 f   LIBCMTD:validate.obj
 0001:00024e90       ?_ValidateExecute@@YAHP6GHXZ@Z 00425e90 f   LIBCMTD:validate.obj
 0001:00024e90       ?_ValidateWrite@@YAHPAXI@Z 00425e90 f   LIBCMTD:validate.obj
 0001:00024ec0       __global_unwind2           00425ec0 f   LIBCMTD:exsup.obj
 0001:00024f25       __local_unwind2            00425f25 f   LIBCMTD:exsup.obj
 0001:00024fa9       __abnormal_termination     00425fa9 f   LIBCMTD:exsup.obj
 0001:00024fcc       __NLG_Notify1              00425fcc f   LIBCMTD:exsup.obj
 0001:00024fd5       __NLG_Notify               00425fd5 f   LIBCMTD:exsup.obj
 0001:00024fec       __NLG_Dispatch             00425fec     LIBCMTD:exsup.obj
 0001:00024fec       __NLG_Dispatch2            00425fec     LIBCMTD:exsup.obj
 0001:00024ff4       __NLG_Call                 00425ff4 f   LIBCMTD:exsup.obj
 0001:00024ff6       __NLG_Return2              00425ff6     LIBCMTD:exsup.obj
 0001:00025000       __free_osfhnd              00426000 f   LIBCMTD:osfinfo.obj
 0001:000250f0       __get_osfhandle            004260f0 f   LIBCMTD:osfinfo.obj
 0001:00025260       ___lock_fhandle            00426260 f   LIBCMTD:osfinfo.obj
 0001:00025360       __unlock_fhandle           00426360 f   LIBCMTD:osfinfo.obj
 0001:00025390       __putwch_nolock            00426390 f   LIBCMTD:putwch.obj
 0001:000253e0       __mbtowc_l                 004263e0 f   LIBCMTD:mbtowc.obj
 0001:00025600       _mbtowc                    00426600 f   LIBCMTD:mbtowc.obj
 0001:00025620       __read                     00426620 f   LIBCMTD:read.obj
 0001:000258b0       __read_nolock              004268b0 f   LIBCMTD:read.obj
 0001:00026800       __mbstowcs_l_helper        00427800 f   LIBCMTD:mbstowcs.obj
 0001:00026b50       __mbstowcs_s_l             00427b50 f   LIBCMTD:mbstowcs.obj
 0001:00026ed0       _mbstowcs_s                00427ed0 f   LIBCMTD:mbstowcs.obj
 0001:00026f00       __vsnprintf_helper         00427f00 f   LIBCMTD:vsnprnc.obj
 0001:000270f0       __vsprintf_s_l             004280f0 f   LIBCMTD:vsnprnc.obj
 0001:00027360       __vsnprintf_s_l            00428360 f   LIBCMTD:vsnprnc.obj
 0001:00027700       __vsnprintf_s              00428700 f   LIBCMTD:vsnprnc.obj
 0001:00027730       __itoa_s                   00428730 f   LIBCMTD:xtoas.obj
 0001:00027b00       __wcstombs_l_helper        00428b00 f   LIBCMTD:wcstombs.obj
 0001:00028040       __wcstombs_s_l             00429040 f   LIBCMTD:wcstombs.obj
 0001:00028370       _wcstombs_s                00429370 f   LIBCMTD:wcstombs.obj
 0001:000283a0       __woutput_l                004293a0 f   LIBCMTD:woutput.obj
 0001:000294e0       ___crtMessageBoxA          0042a4e0 f   LIBCMTD:crtmbox.obj
 0001:00029710       __woutput_s_l              0042a710 f   LIBCMTD:woutputs.obj
 0001:0002a9c0       __ismbblead                0042b9c0 f   LIBCMTD:ismbbyte.obj
 0001:0002aab0       __stricmp_l                0042bab0 f   LIBCMTD:stricmp.obj
 0001:0002ac60       ___ascii_stricmp           0042bc60 f   LIBCMTD:stricmp.obj
 0001:0002ace0       __stricmp                  0042bce0 f   LIBCMTD:stricmp.obj
 0001:0002adf0       __strnicmp_l               0042bdf0 f   LIBCMTD:strnicmp.obj
 0001:0002b030       __strnicmp                 0042c030 f   LIBCMTD:strnicmp.obj
 0001:0002b1c0       _atol                      0042c1c0 f   LIBCMTD:atox.obj
 0001:0002b1e0       _strtol                    0042c1e0 f   LIBCMTD:strtol.obj
 0001:0002b710       ___initconout              0042c710 f   LIBCMTD:initcon.obj
 0001:0002b740       ___termconout              0042c740 f   LIBCMTD:initcon.obj
 0001:0002b770       __allshl                   0042c770 f   LIBCMTD:llshl.obj
 0001:0002b790       __fputwc_nolock            0042c790 f   LIBCMTD:fputwc.obj
 0001:0002ba80       __tolower_l                0042ca80 f   LIBCMTD:tolower.obj
 0001:0002bc60       ___ascii_strnicmp          0042cc60 f   LIBCMTD:_strnicm.obj
 0001:0002bcd0       __flswbuf                  0042ccd0 f   LIBCMTD:_flswbuf.obj
 0001:0002bfb0       __allmul                   0042cfb0 f   LIBCMTD:llmul.obj
 0001:0002bfe4       _RtlUnwind@16              0042cfe4 f   kernel32:KERNEL32.dll
 0002:00000000       __imp__RaiseException@16   0042e000     kernel32:KERNEL32.dll
 0002:00000004       __imp__CreateFileW@28      0042e004     kernel32:KERNEL32.dll
 0002:00000008       __imp__SetStdHandle@8      0042e008     kernel32:KERNEL32.dll
 0002:0000000c       __imp__GetUserDefaultLCID@0 0042e00c     kernel32:KERNEL32.dll
 0002:00000010       __imp__EnumSystemLocalesA@8 0042e010     kernel32:KERNEL32.dll
 0002:00000014       __imp__IsValidLocale@8     0042e014     kernel32:KERNEL32.dll
 0002:00000018       __imp__GetLocaleInfoA@16   0042e018     kernel32:KERNEL32.dll
 0002:0000001c       __imp__GetStringTypeW@16   0042e01c     kernel32:KERNEL32.dll
 0002:00000020       __imp__GetEnvironmentStringsW@0 0042e020     kernel32:KERNEL32.dll
 0002:00000024       __imp__FreeEnvironmentStringsW@4 0042e024     kernel32:KERNEL32.dll
 0002:00000028       __imp__GetSystemTimeAsFileTime@4 0042e028     kernel32:KERNEL32.dll
 0002:0000002c       __imp__GetCurrentProcessId@0 0042e02c     kernel32:KERNEL32.dll
 0002:00000030       __imp__GetTickCount@0      0042e030     kernel32:KERNEL32.dll
 0002:00000034       __imp__QueryPerformanceCounter@4 0042e034     kernel32:KERNEL32.dll
 0002:00000038       __imp__HeapCreate@12       0042e038     kernel32:KERNEL32.dll
 0002:0000003c       __imp__HeapFree@12         0042e03c     kernel32:KERNEL32.dll
 0002:00000040       __imp__HeapQueryInformation@20 0042e040     kernel32:KERNEL32.dll
 0002:00000044       __imp__HeapSize@12         0042e044     kernel32:KERNEL32.dll
 0002:00000048       __imp__HeapReAlloc@16      0042e048     kernel32:KERNEL32.dll
 0002:0000004c       __imp__GetModuleFileNameA@12 0042e04c     kernel32:KERNEL32.dll
 0002:00000050       __imp__HeapAlloc@12        0042e050     kernel32:KERNEL32.dll
 0002:00000054       __imp__OutputDebugStringW@4 0042e054     kernel32:KERNEL32.dll
 0002:00000058       __imp__OutputDebugStringA@4 0042e058     kernel32:KERNEL32.dll
 0002:0000005c       __imp__CloseHandle@4       0042e05c     kernel32:KERNEL32.dll
 0002:00000060       __imp__FlushFileBuffers@4  0042e060     kernel32:KERNEL32.dll
 0002:00000064       __imp__SetFilePointer@16   0042e064     kernel32:KERNEL32.dll
 0002:00000068       __imp__ReadFile@20         0042e068     kernel32:KERNEL32.dll
 0002:0000006c       __imp__GetConsoleMode@8    0042e06c     kernel32:KERNEL32.dll
 0002:00000070       __imp__GetConsoleCP@0      0042e070     kernel32:KERNEL32.dll
 0002:00000074       __imp__GetStartupInfoW@4   0042e074     kernel32:KERNEL32.dll
 0002:00000078       __imp__SetHandleCount@4    0042e078     kernel32:KERNEL32.dll
 0002:0000007c       __imp__IsProcessorFeaturePresent@4 0042e07c     kernel32:KERNEL32.dll
 0002:00000080       __imp__GetLocaleInfoW@16   0042e080     kernel32:KERNEL32.dll
 0002:00000084       __imp__LoadLibraryW@4      0042e084     kernel32:KERNEL32.dll
 0002:00000088       __imp__InitializeCriticalSectionAndSpinCount@8 0042e088     kernel32:KERNEL32.dll
 0002:0000008c       __imp__GetLastError@0      0042e08c     kernel32:KERNEL32.dll
 0002:00000090       __imp__SetLastError@4      0042e090     kernel32:KERNEL32.dll
 0002:00000094       __imp__TlsFree@4           0042e094     kernel32:KERNEL32.dll
 0002:00000098       __imp__GetCurrentThreadId@0 0042e098     kernel32:KERNEL32.dll
 0002:0000009c       __imp__TlsSetValue@8       0042e09c     kernel32:KERNEL32.dll
 0002:000000a0       __imp__TlsGetValue@4       0042e0a0     kernel32:KERNEL32.dll
 0002:000000a4       __imp__TlsAlloc@0          0042e0a4     kernel32:KERNEL32.dll
 0002:000000a8       __imp__IsValidCodePage@4   0042e0a8     kernel32:KERNEL32.dll
 0002:000000ac       __imp__GetOEMCP@0          0042e0ac     kernel32:KERNEL32.dll
 0002:000000b0       __imp__GetACP@0            0042e0b0     kernel32:KERNEL32.dll
 0002:000000b4       __imp__WriteFile@20        0042e0b4     kernel32:KERNEL32.dll
 0002:000000b8       __imp__GetCPInfo@8         0042e0b8     kernel32:KERNEL32.dll
 0002:000000bc       __imp__MultiByteToWideChar@24 0042e0bc     kernel32:KERNEL32.dll
 0002:000000c0       __imp__LCMapStringW@24     0042e0c0     kernel32:KERNEL32.dll
 0002:000000c4       __imp__InterlockedIncrement@4 0042e0c4     kernel32:KERNEL32.dll
 0002:000000c8       __imp__InterlockedDecrement@4 0042e0c8     kernel32:KERNEL32.dll
 0002:000000cc       __imp__InitializeCriticalSection@4 0042e0cc     kernel32:KERNEL32.dll
 0002:000000d0       __imp__DeleteCriticalSection@4 0042e0d0     kernel32:KERNEL32.dll
 0002:000000d4       __imp__EnterCriticalSection@4 0042e0d4     kernel32:KERNEL32.dll
 0002:000000d8       __imp__LeaveCriticalSection@4 0042e0d8     kernel32:KERNEL32.dll
 0002:000000dc       __imp__EncodePointer@4     0042e0dc     kernel32:KERNEL32.dll
 0002:000000e0       __imp__DecodePointer@4     0042e0e0     kernel32:KERNEL32.dll
 0002:000000e4       __imp__GetProcAddress@8    0042e0e4     kernel32:KERNEL32.dll
 0002:000000e8       __imp__GetModuleHandleW@4  0042e0e8     kernel32:KERNEL32.dll
 0002:000000ec       __imp__ExitProcess@4       0042e0ec     kernel32:KERNEL32.dll
 0002:000000f0       __imp__RtlUnwind@16        0042e0f0     kernel32:KERNEL32.dll
 0002:000000f4       __imp__TerminateProcess@8  0042e0f4     kernel32:KERNEL32.dll
 0002:000000f8       __imp__GetCurrentProcess@0 0042e0f8     kernel32:KERNEL32.dll
 0002:000000fc       __imp__UnhandledExceptionFilter@4 0042e0fc     kernel32:KERNEL32.dll
 0002:00000100       __imp__SetUnhandledExceptionFilter@4 0042e100     kernel32:KERNEL32.dll
 0002:00000104       __imp__IsDebuggerPresent@0 0042e104     kernel32:KERNEL32.dll
 0002:00000108       __imp__GetModuleFileNameW@12 0042e108     kernel32:KERNEL32.dll
 0002:0000010c       __imp__HeapValidate@12     0042e10c     kernel32:KERNEL32.dll
 0002:00000110       __imp__IsBadReadPtr@8      0042e110     kernel32:KERNEL32.dll
 0002:00000114       __imp__WriteConsoleW@20    0042e114     kernel32:KERNEL32.dll
 0002:00000118       __imp__GetFileType@4       0042e118     kernel32:KERNEL32.dll
 0002:0000011c       __imp__GetStdHandle@4      0042e11c     kernel32:KERNEL32.dll
 0002:00000120       __imp__GetCommandLineA@0   0042e120     kernel32:KERNEL32.dll
 0002:00000124       __imp__HeapSetInformation@16 0042e124     kernel32:KERNEL32.dll
 0002:00000128       __imp__WideCharToMultiByte@32 0042e128     kernel32:KERNEL32.dll
 0002:0000012c       \177KERNEL32_NULL_THUNK_DATA 0042e12c     kernel32:KERNEL32.dll
 0002:00000130       __imp__SDL_SetTextureBlendMode 0042e130     SDL2:SDL2.dll
 0002:00000134       __imp__SDL_FreeSurface     0042e134     SDL2:SDL2.dll
 0002:00000138       __imp__SDL_RenderCopy      0042e138     SDL2:SDL2.dll
 0002:0000013c       __imp__SDL_CreateTextureFromSurface 0042e13c     SDL2:SDL2.dll
 0002:00000140       __imp__SDL_RWFromFile      0042e140     SDL2:SDL2.dll
[...]
 0001:00021540       _cmpResult                 00422540 f   LIBCMTD:memcmp.obj
 0001:00021560       _unaligned_memcmp          00422560 f   LIBCMTD:memcmp.obj
 0001:00021c70       _cmpWORD                   00422c70 f   LIBCMTD:memcmp.obj
 0001:00021cf0       _cmpDWORD                  00422cf0 f   LIBCMTD:memcmp.obj
 0001:00021e20       ?__crtGetStringTypeA_stat@@YAHPAUlocaleinfo_struct@@KPBDHPAGHHH@Z 00422e20 f   LIBCMTD:a_str.obj
 0001:000225c0       _TranslateName             004235c0 f   LIBCMTD:getqloc.obj
 0001:00022650       _GetLcidFromLangCountry    00423650 f   LIBCMTD:getqloc.obj
 0001:00022710       _LangCountryEnumProc@4     00423710 f   LIBCMTD:getqloc.obj
 0001:00022b50       _GetLcidFromLanguage       00423b50 f   LIBCMTD:getqloc.obj
 0001:00022bd0       _LanguageEnumProc@4        00423bd0 f   LIBCMTD:getqloc.obj
 0001:00022d70       _GetLcidFromCountry        00423d70 f   LIBCMTD:getqloc.obj
 0001:00022dc0       _CountryEnumProc@4         00423dc0 f   LIBCMTD:getqloc.obj
 0001:00022ec0       _GetLcidFromDefault        00423ec0 f   LIBCMTD:getqloc.obj
 0001:00022f00       _ProcessCodePage           00423f00 f   LIBCMTD:getqloc.obj
 0001:00022fb0       _TestDefaultCountry        00423fb0 f   LIBCMTD:getqloc.obj
 0001:00023000       _TestDefaultLanguage       00424000 f   LIBCMTD:getqloc.obj
 0001:00023080       _LcidFromHexString         00424080 f   LIBCMTD:getqloc.obj
 0001:00023100       _GetPrimaryLen             00424100 f   LIBCMTD:getqloc.obj
 0001:00023770       __unwind_handler4          00424770 f   LIBCMTD:exsup4.obj
 0001:00024c50       _write_string              00425c50 f   LIBCMTD:outputs.obj
 0001:00024c50       _write_string              00425c50 f   LIBCMTD:outputs.obj
 0001:00024d80       ?__crtGetLocaleInfoA_stat@@YAHPAUlocaleinfo_struct@@KKPADH@Z 00425d80 f   LIBCMTD:a_loc.obj
 0001:00024ee0       __unwind_handler           00425ee0 f   LIBCMTD:exsup.obj
 0001:00027790       _xtoa_s@20                 00428790 f   LIBCMTD:xtoas.obj
 0001:00027fe0       ?wcsncnt@@YAIPB_WI@Z       00428fe0 f   LIBCMTD:wcstombs.obj
 0001:00029440       _write_char                0042a440 f   LIBCMTD:woutput.obj
 0001:00029440       _write_char                0042a440 f   LIBCMTD:woutput.obj
 0001:000294a0       _write_multi_char          0042a4a0 f   LIBCMTD:woutput.obj
 0001:000294a0       _write_multi_char          0042a4a0 f   LIBCMTD:woutput.obj
 0001:0002a900       _write_string              0042b900 f   LIBCMTD:woutputs.obj
 0001:0002a900       _write_string              0042b900 f   LIBCMTD:woutputs.obj
 0001:0002a9e0       ?x_ismbbtype_l@@YAHPAUlocaleinfo_struct@@IHH@Z 0042b9e0 f   LIBCMTD:ismbbyte.obj
 0001:0002b230       ?strtoxl@@YAKPAUlocaleinfo_struct@@PBDPAPBDHH@Z 0042c230 f   LIBCMTD:strtol.obj
 0001:0002bff0       __unwindfunclet$_main$0    0042cff0 f   main.obj
 0001:0002bffb       __unwindfunclet$_main$1    0042cffb f   main.obj
 0001:0002c006       __ehhandler$_main          0042d006 f   main.obj
 0001:0002c030       __unwindfunclet$??0?$basic_ofstream@DU?$char_traits@D@std@@@std@@QAE@XZ$0 0042d030 f   main.obj
 0001:0002c04c       __unwindfunclet$??0?$basic_ofstream@DU?$char_traits@D@std@@@std@@QAE@XZ$1 0042d04c f   main.obj
 0001:0002c057       __ehhandler$??0?$basic_ofstream@DU?$char_traits@D@std@@@std@@QAE@XZ 0042d057 f   main.obj
 0001:0002c080       __unwindfunclet$??1?$basic_ofstream@DU?$char_traits@D@std@@@std@@UAE@XZ$0 0042d080 f   main.obj
 0001:0002c08b       __ehhandler$??1?$basic_ofstream@DU?$char_traits@D@std@@@std@@UAE@XZ 0042d08b f   main.obj
 0001:0002c0b0       __unwindfunclet$??1?$basic_streambuf@DU?$char_traits@D@std@@@std@@UAE@XZ$0 0042d0b0 f   main.obj
 0001:0002c0bb       __ehhandler$??1?$basic_streambuf@DU?$char_traits@D@std@@@std@@UAE@XZ 0042d0bb f   main.obj
 0001:0002c0e0       __unwindfunclet$?overflow@?$basic_filebuf@DU?$char_traits@D@std@@@std@@MAEHH@Z$0 0042d0e0 f   main.obj
 0001:0002c0e8       __unwindfunclet$?overflow@?$basic_filebuf@DU?$char_traits@D@std@@@std@@MAEHH@Z$1 0042d0e8 f   main.obj
 0001:0002c0f0       __unwindfunclet$?overflow@?$basic_filebuf@DU?$char_traits@D@std@@@std@@MAEHH@Z$2 0042d0f0 f   main.obj
 0001:0002c0f8       __unwindfunclet$?overflow@?$basic_filebuf@DU?$char_traits@D@std@@@std@@MAEHH@Z$3 0042d0f8 f   main.obj
 0001:0002c100       __unwindfunclet$?overflow@?$basic_filebuf@DU?$char_traits@D@std@@@std@@MAEHH@Z$4 0042d100 f   main.obj
 0001:0002c11f       __ehhandler$?overflow@?$basic_filebuf@DU?$char_traits@D@std@@@std@@MAEHH@Z 0042d11f f   main.obj
 0001:0002c150       __unwindfunclet$??1?$basic_string@DU?$char_traits@D@std@@V?$allocator@D@2@@std@@QAE@XZ$0 0042d150 f   main.obj
 0001:0002c158       __ehhandler$??1?$basic_string@DU?$char_traits@D@std@@V?$allocator@D@2@@std@@QAE@XZ 0042d158 f   main.obj
 0001:0002c180       __unwindfunclet$?uflow@?$basic_filebuf@DU?$char_traits@D@std@@@std@@MAEHXZ$0 0042d180 f   main.obj
 0001:0002c188       __unwindfunclet$?uflow@?$basic_filebuf@DU?$char_traits@D@std@@@std@@MAEHXZ$1 0042d188 f   main.obj
 0001:0002c190       __unwindfunclet$?uflow@?$basic_filebuf@DU?$char_traits@D@std@@@std@@MAEHXZ$2 0042d190 f   main.obj
 0001:0002c198       __unwindfunclet$?uflow@?$basic_filebuf@DU?$char_traits@D@std@@@std@@MAEHXZ$3 0042d198 f   main.obj
 0001:0002c1a0       __unwindfunclet$?uflow@?$basic_filebuf@DU?$char_traits@D@std@@@std@@MAEHXZ$4 0042d1a0 f   main.obj
 0001:0002c1ab       __unwindfunclet$?uflow@?$basic_filebuf@DU?$char_traits@D@std@@@std@@MAEHXZ$5 0042d1ab f   main.obj
 0001:0002c1b6       __ehhandler$?uflow@?$basic_filebuf@DU?$char_traits@D@std@@@std@@MAEHXZ 0042d1b6 f   main.obj
 0001:0002c1e0       __unwindfunclet$??0?$basic_string@DU?$char_traits@D@std@@V?$allocator@D@2@@std@@QAE@ID@Z$0 0042d1e0 f   main.obj
 0001:0002c1e0       __unwindfunclet$??0?$basic_string@DU?$char_traits@D@std@@V?$allocator@D@2@@std@@QAE@PBD@Z$0 0042d1e0 f   main.obj
 0001:0002c1e0       __unwindfunclet$??0?$basic_string@DU?$char_traits@D@std@@V?$allocator@D@2@@std@@QAE@XZ$0 0042d1e0 f   main.obj
 0001:0002c1e8       __ehhandler$??0?$basic_string@DU?$char_traits@D@std@@V?$allocator@D@2@@std@@QAE@PBD@Z 0042d1e8 f   main.obj
 0001:0002c1e8       __ehhandler$??0?$basic_string@DU?$char_traits@D@std@@V?$allocator@D@2@@std@@QAE@XZ 0042d1e8 f   main.obj
 0001:0002c1e8       __ehhandler$??0?$basic_string@DU?$char_traits@D@std@@V?$allocator@D@2@@std@@QAE@ID@Z 0042d1e8 f   main.obj
 0001:0002c210       __unwindfunclet$??0?$_String_val@DV?$allocator@D@std@@@std@@QAE@V?$allocator@D@1@@Z$0 0042d210 f   main.obj
 0001:0002c218       __ehhandler$??0?$_String_val@DV?$allocator@D@std@@@std@@QAE@V?$allocator@D@1@@Z 0042d218 f   main.obj
 0001:0002c240       __unwindfunclet$??1?$_String_val@DV?$allocator@D@std@@@std@@QAE@XZ$0 0042d240 f   main.obj
 0001:0002c248       __ehhandler$??1?$_String_val@DV?$allocator@D@std@@@std@@QAE@XZ 0042d248 f   main.obj
 0001:0002c270       __unwindfunclet$??0?$basic_ostream@DU?$char_traits@D@std@@@std@@QAE@PAV?$basic_streambuf@DU?$char_traits@D@std@@@1@_N@Z$0 0042d270 f   main.obj
 0001:0002c28c       __ehhandler$??0?$basic_ostream@DU?$char_traits@D@std@@@std@@QAE@PAV?$basic_streambuf@DU?$char_traits@D@std@@@1@_N@Z 0042d28c f   main.obj
 0001:0002c2b0       __unwindfunclet$??0?$basic_filebuf@DU?$char_traits@D@std@@@std@@QAE@PAU_iobuf@@@Z$0 0042d2b0 f   main.obj
 0001:0002c2b0       __unwindfunclet$??1?$basic_filebuf@DU?$char_traits@D@std@@@std@@UAE@XZ$0 0042d2b0 f   main.obj
 0001:0002c2b8       __ehhandler$??1?$basic_filebuf@DU?$char_traits@D@std@@@std@@UAE@XZ 0042d2b8 f   main.obj
 0001:0002c2b8       __ehhandler$??0?$basic_filebuf@DU?$char_traits@D@std@@@std@@QAE@PAU_iobuf@@@Z 0042d2b8 f   main.obj
 0001:0002c2e0       __unwindfunclet$?_Endwrite@?$basic_filebuf@DU?$char_traits@D@std@@@std@@IAE_NXZ$0 0042d2e0 f   main.obj
 0001:0002c2e8       __unwindfunclet$?_Endwrite@?$basic_filebuf@DU?$char_traits@D@std@@@std@@IAE_NXZ$1 0042d2e8 f   main.obj
 0001:0002c2f0       __unwindfunclet$?_Endwrite@?$basic_filebuf@DU?$char_traits@D@std@@@std@@IAE_NXZ$2 0042d2f0 f   main.obj
 0001:0002c2f8       __unwindfunclet$?_Endwrite@?$basic_filebuf@DU?$char_traits@D@std@@@std@@IAE_NXZ$3 0042d2f8 f   main.obj
 0001:0002c300       __unwindfunclet$?_Endwrite@?$basic_filebuf@DU?$char_traits@D@std@@@std@@IAE_NXZ$4 0042d300 f   main.obj
 0001:0002c31f       __ehhandler$?_Endwrite@?$basic_filebuf@DU?$char_traits@D@std@@@std@@IAE_NXZ 0042d31f f   main.obj
 0001:0002c350       __unwindfunclet$??0system_error@std@@QAE@Verror_code@1@PBD@Z$0 0042d350 f   main.obj
 0001:0002c358       __ehhandler$??0system_error@std@@QAE@Verror_code@1@PBD@Z 0042d358 f   main.obj
 0001:0002c380       __unwindfunclet$??0?$basic_streambuf@DU?$char_traits@D@std@@@std@@IAE@XZ$0 0042d380 f   main.obj
 0001:0002c38b       __ehhandler$??0?$basic_streambuf@DU?$char_traits@D@std@@@std@@IAE@XZ 0042d38b f   main.obj
 0001:0002c3b0       __ehhandler$?_Copy@?$basic_string@DU?$char_traits@D@std@@V?$allocator@D@2@@std@@QAEXII@Z 0042d3b0 f   main.obj
 0001:0002c3d0       __unwindfunclet$?widen@?$basic_ios@DU?$char_traits@D@std@@@std@@QBEDD@Z$0 0042d3d0 f   main.obj
 0001:0002c3d8       __ehhandler$?widen@?$basic_ios@DU?$char_traits@D@std@@@std@@QBEDD@Z 0042d3d8 f   main.obj
 0001:0002c400       __unwindfunclet$??0?$_String_const_iterator@DU?$char_traits@D@std@@V?$allocator@D@2@@std@@QAE@PBDPBU_Container_base12@1@@Z$0 0042d400 f   main.obj
 0001:0002c408       __ehhandler$??0?$_String_const_iterator@DU?$char_traits@D@std@@V?$allocator@D@2@@std@@QAE@PBDPBU_Container_base12@1@@Z 0042d408 f   main.obj
 0001:0002c430       __unwindfunclet$?_Adopt@_Iterator_base12@std@@QAEXPBU_Container_base12@2@@Z$0 0042d430 f   main.obj
 0001:0002c438       __ehhandler$?_Adopt@_Iterator_base12@std@@QAEXPBU_Container_base12@2@@Z 0042d438 f   main.obj
 0001:0002c460       __unwindfunclet$?_Getcat@?$ctype@D@std@@SAIPAPBVfacet@locale@2@PBV42@@Z$0 0042d460 f   main.obj
 0001:0002c47b       __unwindfunclet$?_Getcat@?$ctype@D@std@@SAIPAPBVfacet@locale@2@PBV42@@Z$1 0042d47b f   main.obj
 0001:0002c494       __ehhandler$?_Getcat@?$ctype@D@std@@SAIPAPBVfacet@locale@2@PBV42@@Z 0042d494 f   main.obj
 0001:0002c4b0       __unwindfunclet$??0_Locinfo@std@@QAE@PBD@Z$0 0042d4b0 f   main.obj
 0001:0002c4b8       __unwindfunclet$??0_Locinfo@std@@QAE@PBD@Z$1 0042d4b8 f   main.obj
 0001:0002c4c3       __unwindfunclet$??0_Locinfo@std@@QAE@PBD@Z$2 0042d4c3 f   main.obj
 0001:0002c4ce       __unwindfunclet$??0_Locinfo@std@@QAE@PBD@Z$3 0042d4ce f   main.obj
 0001:0002c4d9       __unwindfunclet$??0_Locinfo@std@@QAE@PBD@Z$4 0042d4d9 f   main.obj
 0001:0002c4e4       __ehhandler$??0_Locinfo@std@@QAE@PBD@Z 0042d4e4 f   main.obj
 0001:0002c500       __unwindfunclet$??1_Locinfo@std@@QAE@XZ$0 0042d500 f   main.obj
 0001:0002c508       __unwindfunclet$??1_Locinfo@std@@QAE@XZ$1 0042d508 f   main.obj
 0001:0002c513       __unwindfunclet$??1_Locinfo@std@@QAE@XZ$2 0042d513 f   main.obj
 0001:0002c51e       __unwindfunclet$??1_Locinfo@std@@QAE@XZ$3 0042d51e f   main.obj
 0001:0002c529       __unwindfunclet$??1_Locinfo@std@@QAE@XZ$4 0042d529 f   main.obj
 0001:0002c534       __ehhandler$??1_Locinfo@std@@QAE@XZ 0042d534 f   main.obj
 0001:0002c550       __unwindfunclet$??1?$ctype@D@std@@MAE@XZ$0 0042d550 f   main.obj
 0001:0002c550       __unwindfunclet$??0?$ctype@D@std@@QAE@ABV_Locinfo@1@I@Z$0 0042d550 f   main.obj
 0001:0002c558       __ehhandler$??1?$ctype@D@std@@MAE@XZ 0042d558 f   main.obj
 0001:0002c558       __ehhandler$??0?$ctype@D@std@@QAE@ABV_Locinfo@1@I@Z 0042d558 f   main.obj
 0001:0002c580       __unwindfunclet$??$use_facet@V?$codecvt@DDH@std@@@std@@YAABV?$codecvt@DDH@0@ABVlocale@0@@Z$0 0042d580 f   main.obj
 0001:0002c580       __unwindfunclet$??$use_facet@V?$ctype@D@std@@@std@@YAABV?$ctype@D@0@ABVlocale@0@@Z$0 0042d580 f   main.obj
 0001:0002c588       __ehhandler$??$use_facet@V?$codecvt@DDH@std@@@std@@YAABV?$codecvt@DDH@0@ABVlocale@0@@Z 0042d588 f   main.obj
 0001:0002c588       __ehhandler$??$use_facet@V?$ctype@D@std@@@std@@YAABV?$ctype@D@0@ABVlocale@0@@Z 0042d588 f   main.obj
 0001:0002c5b0       __unwindfunclet$?_Getcat@?$codecvt@DDH@std@@SAIPAPBVfacet@locale@2@PBV42@@Z$0 0042d5b0 f   main.obj
 0001:0002c5cb       __unwindfunclet$?_Getcat@?$codecvt@DDH@std@@SAIPAPBVfacet@locale@2@PBV42@@Z$1 0042d5cb f   main.obj
 0001:0002c5e4       __ehhandler$?_Getcat@?$codecvt@DDH@std@@SAIPAPBVfacet@locale@2@PBV42@@Z 0042d5e4 f   main.obj
 0001:0002c600       __unwindfunclet$?construct@?$allocator@U_Container_proxy@std@@@std@@QAEXPAU_Container_proxy@2@$$QAU32@@Z$0 0042d600 f   main.obj
 0001:0002c611       __ehhandler$?construct@?$allocator@U_Container_proxy@std@@@std@@QAEXPAU_Container_proxy@2@$$QAU32@@Z 0042d611 f   main.obj
 0001:0002c630       __unwindfunclet$??0?$codecvt@DDH@std@@QAE@ABV_Locinfo@1@I@Z$0 0042d630 f   main.obj
 0001:0002c638       __ehhandler$??0?$codecvt@DDH@std@@QAE@ABV_Locinfo@1@I@Z 0042d638 f   main.obj
 0001:0002c660       __unwindfunclet$?loadFromFile@LTexture@@QAE_NV?$basic_string@DU?$char_traits@D@std@@V?$allocator@D@2@@std@@@Z$0 0042d660 f   LTexture.obj
 0001:0002c668       __ehhandler$?loadFromFile@LTexture@@QAE_NV?$basic_string@DU?$char_traits@D@std@@V?$allocator@D@2@@std@@@Z 0042d668 f   LTexture.obj
 0001:0002c690       __unwindfunclet$?_Facet_Register@facet@locale@std@@CAXPAV123@@Z$0 0042d690 f   libcpmtd:locale0.obj
 0001:0002c6a8       __ehhandler$?_Facet_Register@facet@locale@std@@CAXPAV123@@Z 0042d6a8 f   libcpmtd:locale0.obj
 0001:0002c6d0       __unwindfunclet$??0_Locimp@locale@std@@AAE@_N@Z$0 0042d6d0 f   libcpmtd:locale0.obj
 0001:0002c6d8       __ehhandler$??0_Locimp@locale@std@@AAE@_N@Z 0042d6d8 f   libcpmtd:locale0.obj
 0001:0002c700       __unwindfunclet$??1_Locimp@locale@std@@MAE@XZ$0 0042d700 f   libcpmtd:locale0.obj
 0001:0002c708       __unwindfunclet$??1_Locimp@locale@std@@MAE@XZ$1 0042d708 f   libcpmtd:locale0.obj
 0001:0002c713       __ehhandler$??1_Locimp@locale@std@@MAE@XZ 0042d713 f   libcpmtd:locale0.obj
 0001:0002c730       __unwindfunclet$?_Init@locale@std@@CAPAV_Locimp@12@XZ$0 0042d730 f   libcpmtd:locale0.obj
 0001:0002c738       __unwindfunclet$?_Init@locale@std@@CAPAV_Locimp@12@XZ$1 0042d738 f   libcpmtd:locale0.obj
 0001:0002c753       __unwindfunclet$?_Init@locale@std@@CAPAV_Locimp@12@XZ$2 0042d753 f   libcpmtd:locale0.obj
 0001:0002c765       __ehhandler$?_Init@locale@std@@CAPAV_Locimp@12@XZ 0042d765 f   libcpmtd:locale0.obj
 0001:0002c780       __unwindfunclet$?_Fac_tidy@@YAXXZ$0 0042d780 f   libcpmtd:locale0.obj
 0001:0002c780       __unwindfunclet$??1_Iterator_base12@std@@QAE@XZ$0 0042d780 f   libcpmtd:locale0.obj
 0001:0002c780       __unwindfunclet$?_Locimp_dtor@_Locimp@locale@std@@CAXPAV123@@Z$0 0042d780 f   libcpmtd:locale0.obj
 0001:0002c788       __ehhandler$?_Locimp_dtor@_Locimp@locale@std@@CAXPAV123@@Z 0042d788 f   libcpmtd:locale0.obj
 0001:0002c788       __ehhandler$??1_Iterator_base12@std@@QAE@XZ 0042d788 f   libcpmtd:locale0.obj
 0001:0002c788       __ehhandler$?_Fac_tidy@@YAXXZ 0042d788 f   libcpmtd:locale0.obj
 0001:0002c7b0       __unwindfunclet$?getSystemCP@@YAHH@Z$0 0042d7b0 f   LIBCMTD:mbctype.obj
 0001:0002c7b8       __ehhandler$?getSystemCP@@YAHH@Z 0042d7b8 f   LIBCMTD:mbctype.obj
 0001:0002c7e0       __ehhandler$?CallUnexpected@@YAXPBU_s_ESTypeList@@@Z 0042d7e0 f   LIBCMTD:frame.obj
 0001:0002c800       __unwindfunclet$?x_ismbbtype_l@@YAHPAUlocaleinfo_struct@@IHH@Z$0 0042d800 f   LIBCMTD:ismbbyte.obj
 0001:0002c808       __ehhandler$?x_ismbbtype_l@@YAHPAUlocaleinfo_struct@@IHH@Z 0042d808 f   LIBCMTD:ismbbyte.obj
 0001:0002c830       __unwindfunclet$?strtoxl@@YAKPAUlocaleinfo_struct@@PBDPAPBDHH@Z$0 0042d830 f   LIBCMTD:strtol.obj
 0001:0002c838       __ehhandler$?strtoxl@@YAKPAUlocaleinfo_struct@@PBDPAPBDHH@Z 0042d838 f   LIBCMTD:strtol.obj
 0001:0002c860       ??__Ekeystate@@YAXXZ       0042d860 f   main.obj
 0001:0002c880       ??__Eimage1@@YAXXZ         0042d880 f   main.obj
 0001:0002c8b0       ??__Eimage2_1@@YAXXZ       0042d8b0 f   main.obj
 0001:0002c8d0       ??__Eimage3@@YAXXZ         0042d8d0 f   main.obj
 0001:0002c900       ??__Eimage4_1@@YAXXZ       0042d900 f   main.obj
 0001:0002c920       ??__Eimage5_1@@YAXXZ       0042d920 f   main.obj
 0001:0002c940       ??__Eimage6_1@@YAXXZ       0042d940 f   main.obj
 0001:0002c960       ??__Eimage7_1@@YAXXZ       0042d960 f   main.obj
 0001:0002c980       ??__Eimage8_1@@YAXXZ       0042d980 f   main.obj
 0001:0002c9a0       ??__Eimage9_1@@YAXXZ       0042d9a0 f   main.obj
 0001:0002c9c0       ??__Ecursor@@YAXXZ         0042d9c0 f   main.obj
 0001:0002c9e0       ??__Ehandup@@YAXXZ         0042d9e0 f   main.obj
 0001:0002ca00       ??__Ehanddown@@YAXXZ       0042da00 f   main.obj
 0001:0002ca20       ??__EspriteSheetTexture@@YAXXZ 0042da20 f   main.obj
 0001:0002ca40       ??__E?id@?$codecvt@DDH@std@@2V0locale@2@A@@YAXXZ 0042da40 f   main.obj
 0001:0002ca60       ??__Einitlocks@std@@YAXXZ  0042da60 f   libcpmtd:xlock.obj
 0001:0002ca80       ??__E_Fac_tidy_reg@std@@YAXXZ 0042da80 f   libcpmtd:locale0.obj
 0001:0002caa0       ??__Eclassic_locale@std@@YAXXZ 0042daa0 f   libcpmtd:locale0.obj
 0001:0002cac0       ??__E?id@?$ctype@D@std@@2V0locale@2@A@@YAXXZ 0042dac0 f   libcpmtd:locale0.obj
 0001:0002cae0       ??__E?id@?$ctype@_W@std@@2V0locale@2@A@@YAXXZ 0042dae0 f   libcpmtd:locale0.obj
 0001:0002cb00       ??__E?id@?$codecvt@_WDH@std@@2V0locale@2@A@@YAXXZ 0042db00 f   libcpmtd:locale0.obj
 0001:0002cb20       ??__E?id@?$ctype@G@std@@2V0locale@2@A@@YAXXZ 0042db20 f   libcpmtd:locale0.obj
 0001:0002cb40       ??__E?id@?$codecvt@GDH@std@@2V0locale@2@A@@YAXXZ 0042db40 f   libcpmtd:locale0.obj
 0001:0002cb60       ??__E_Generic_object@std@@YAXXZ 0042db60 f   libcpmtd:syserror.obj
 0001:0002cb80       ??__E_Iostream_object@std@@YAXXZ 0042db80 f   libcpmtd:syserror.obj
 0001:0002cba0       ??__E_System_object@std@@YAXXZ 0042dba0 f   libcpmtd:syserror.obj
 0001:0002cbc0       ??__Einitlocks@std@@YAXXZ  0042dbc0 f   libcpmtd:iosptrs.obj
 0001:0002cbe0       ??__Einit_atexit@@YAXXZ    0042dbe0 f   libcpmtd:iosptrs.obj
 0001:0002cc00       ??__Fimage1@@YAXXZ         0042dc00 f   main.obj
 0001:0002cc20       ??__Fimage2_1@@YAXXZ       0042dc20 f   main.obj
 0001:0002cc30       ??__Fimage3@@YAXXZ         0042dc30 f   main.obj
 0001:0002cc50       ??__Fimage4_1@@YAXXZ       0042dc50 f   main.obj
 0001:0002cc60       ??__Fimage5_1@@YAXXZ       0042dc60 f   main.obj
 0001:0002cc70       ??__Fimage6_1@@YAXXZ       0042dc70 f   main.obj
 0001:0002cc80       ??__Fimage7_1@@YAXXZ       0042dc80 f   main.obj
 0001:0002cc90       ??__Fimage8_1@@YAXXZ       0042dc90 f   main.obj
 0001:0002cca0       ??__Fimage9_1@@YAXXZ       0042dca0 f   main.obj
 0001:0002ccb0       ??__Fcursor@@YAXXZ         0042dcb0 f   main.obj
 0001:0002ccc0       ??__Fhandup@@YAXXZ         0042dcc0 f   main.obj
 0001:0002ccd0       ??__Fhanddown@@YAXXZ       0042dcd0 f   main.obj
 0001:0002cce0       ??__FspriteSheetTexture@@YAXXZ 0042dce0 f   main.obj
 0001:0002ccf0       ??__Finitlocks@std@@YAXXZ  0042dcf0 f   libcpmtd:xlock.obj
 0001:0002cd10       ??__Fnomem@?4???2@YAPAXIABU_DebugHeapTag_t@std@@PADH@Z@YAXXZ 0042dd10 f   libcpmtd:xdebug.obj
 0001:0002cd30       ??__F_Fac_tidy_reg@std@@YAXXZ 0042dd30 f   libcpmtd:locale0.obj
 0001:0002cd50       ??__Fclassic_locale@std@@YAXXZ 0042dd50 f   libcpmtd:locale0.obj
 0001:0002cd70       ??__F_Generic_object@std@@YAXXZ 0042dd70 f   libcpmtd:syserror.obj
 0001:0002cd90       ??__F_Iostream_object@std@@YAXXZ 0042dd90 f   libcpmtd:syserror.obj
 0001:0002cdb0       ??__F_System_object@std@@YAXXZ 0042ddb0 f   libcpmtd:syserror.obj
 0001:0002cdd0       ??__Finitlocks@std@@YAXXZ  0042ddd0 f   libcpmtd:iosptrs.obj
 0001:0002cdf0       ??__Finit_atexit@@YAXXZ    0042ddf0 f   libcpmtd:iosptrs.obj
 0001:0002ce10       ??__Fnomem@?5???2@YAPAXI@Z@YAXXZ 0042de10 f   LIBCMTD:new.obj
